Archive member included to satisfy reference by file (symbol)

app/libapp.a(main.c.obj)      (--whole-archive)
app/libapp.a(bluetooth.c.obj)
                              (--whole-archive)
zephyr/libzephyr.a(cbprintf.c.obj)
                              (--whole-archive)
zephyr/libzephyr.a(crc32_sw.c.obj)
                              (--whole-archive)
zephyr/libzephyr.a(crc16_sw.c.obj)
                              (--whole-archive)
zephyr/libzephyr.a(crc8_sw.c.obj)
                              (--whole-archive)
zephyr/libzephyr.a(crc7_sw.c.obj)
                              (--whole-archive)
zephyr/libzephyr.a(dec.c.obj)
                              (--whole-archive)
zephyr/libzephyr.a(fdtable.c.obj)
                              (--whole-archive)
zephyr/libzephyr.a(hex.c.obj)
                              (--whole-archive)
zephyr/libzephyr.a(mempool.c.obj)
                              (--whole-archive)
zephyr/libzephyr.a(notify.c.obj)
                              (--whole-archive)
zephyr/libzephyr.a(printk.c.obj)
                              (--whole-archive)
zephyr/libzephyr.a(onoff.c.obj)
                              (--whole-archive)
zephyr/libzephyr.a(rb.c.obj)  (--whole-archive)
zephyr/libzephyr.a(sem.c.obj)
                              (--whole-archive)
zephyr/libzephyr.a(thread_entry.c.obj)
                              (--whole-archive)
zephyr/libzephyr.a(timeutil.c.obj)
                              (--whole-archive)
zephyr/libzephyr.a(work_q.c.obj)
                              (--whole-archive)
zephyr/libzephyr.a(heap.c.obj)
                              (--whole-archive)
zephyr/libzephyr.a(heap-validate.c.obj)
                              (--whole-archive)
zephyr/libzephyr.a(cbprintf_complete.c.obj)
                              (--whole-archive)
zephyr/libzephyr.a(configs.c.obj)
                              (--whole-archive)
zephyr/libzephyr.a(validate_base_addresses.c.obj)
                              (--whole-archive)
zephyr/libzephyr.a(validate_enabled_instances.c.obj)
                              (--whole-archive)
zephyr/libzephyr.a(dis.c.obj)
                              (--whole-archive)
zephyr/libzephyr.a(bas.c.obj)
                              (--whole-archive)
zephyr/libzephyr.a(addr_utils.c.obj)
                              (--whole-archive)
zephyr/libzephyr.a(power.c.obj)
                              (--whole-archive)
zephyr/libzephyr.a(reboot.c.obj)
                              (--whole-archive)
zephyr/libzephyr.a(policy_residency.c.obj)
                              (--whole-archive)
zephyr/libzephyr.a(uart_console.c.obj)
                              (--whole-archive)
zephyr/libzephyr.a(clock_control_nrf.c.obj)
                              (--whole-archive)
zephyr/libzephyr.a(sys_clock_init.c.obj)
                              (--whole-archive)
zephyr/libzephyr.a(nrf_rtc_timer.c.obj)
                              (--whole-archive)
zephyr/libzephyr.a(SEGGER_RTT.c.obj)
                              (--whole-archive)
zephyr/libzephyr.a(SEGGER_RTT_zephyr.c.obj)
                              (--whole-archive)
zephyr/libzephyr.a(utils.c.obj)
                              (--whole-archive)
zephyr/libzephyr.a(ecc_dh.c.obj)
                              (--whole-archive)
zephyr/libzephyr.a(ecc.c.obj)
                              (--whole-archive)
zephyr/libzephyr.a(aes_decrypt.c.obj)
                              (--whole-archive)
zephyr/libzephyr.a(aes_encrypt.c.obj)
                              (--whole-archive)
zephyr/libzephyr.a(cmac_mode.c.obj)
                              (--whole-archive)
zephyr/arch/common/libarch__common.a(sw_isr_common.c.obj)
                              (--whole-archive)
zephyr/arch/arch/arm/core/aarch32/libarch__arm__core__aarch32.a(swap.c.obj)
                              (--whole-archive)
zephyr/arch/arch/arm/core/aarch32/libarch__arm__core__aarch32.a(irq_manage.c.obj)
                              (--whole-archive)
zephyr/arch/arch/arm/core/aarch32/libarch__arm__core__aarch32.a(thread.c.obj)
                              (--whole-archive)
zephyr/arch/arch/arm/core/aarch32/libarch__arm__core__aarch32.a(fatal.c.obj)
                              (--whole-archive)
zephyr/arch/arch/arm/core/aarch32/libarch__arm__core__aarch32.a(nmi.c.obj)
                              (--whole-archive)
zephyr/arch/arch/arm/core/aarch32/libarch__arm__core__aarch32.a(prep_c.c.obj)
                              (--whole-archive)
zephyr/arch/arch/arm/core/aarch32/libarch__arm__core__aarch32.a(swap_helper.S.obj)
                              (--whole-archive)
zephyr/arch/arch/arm/core/aarch32/libarch__arm__core__aarch32.a(cpu_idle.S.obj)
                              (--whole-archive)
zephyr/arch/arch/arm/core/aarch32/libarch__arm__core__aarch32.a(nmi_on_reset.S.obj)
                              (--whole-archive)
zephyr/arch/arch/arm/core/aarch32/libarch__arm__core__aarch32.a(isr_wrapper.S.obj)
                              (--whole-archive)
[...]
Memory Configuration

Name             Origin             Length             Attributes
FLASH            0x0000000000000000 0x0000000000080000 xr
SRAM             0x0000000020000000 0x0000000000010000 xw
IDT_LIST         0x0000000020010000 0x0000000000000800 xw
*default*        0x0000000000000000 0xffffffffffffffff

Linker script and memory map

LOAD zephyr/CMakeFiles/zephyr_prebuilt.dir/misc/empty_file.c.obj
                0x0000000000000020                _region_min_align = 0x20

.rel.plt        0x0000000000000000        0x0
 *(SORT_BY_ALIGNMENT(.rel.plt))
                [!provide]                        PROVIDE (__rel_iplt_start = .)
 *(SORT_BY_ALIGNMENT(.rel.iplt))
 .rel.iplt      0x0000000000000000        0x0 app/libapp.a(main.c.obj)
                [!provide]                        PROVIDE (__rel_iplt_end = .)

.rela.plt       0x0000000000000000        0x0
 *(SORT_BY_ALIGNMENT(.rela.plt))
                [!provide]                        PROVIDE (__rela_iplt_start = .)
 *(SORT_BY_ALIGNMENT(.rela.iplt))
                [!provide]                        PROVIDE (__rela_iplt_end = .)

.rel.dyn
 *(SORT_BY_ALIGNMENT(.rel.*))

.rela.dyn
 *(SORT_BY_ALIGNMENT(.rela.*))

/DISCARD/
 *(SORT_BY_ALIGNMENT(.plt))
 *(SORT_BY_ALIGNMENT(.iplt))
 *(SORT_BY_ALIGNMENT(.got.plt))
 *(SORT_BY_ALIGNMENT(.igot.plt))
 *(SORT_BY_ALIGNMENT(.got))
 *(SORT_BY_ALIGNMENT(.igot))
 *(SORT_BY_ALIGNMENT(.note.GNU-stack))
                0x0000000000000000                _image_rom_start = 0x0

rom_start       0x0000000000000000       0xdc
                0x0000000000000000                . = 0x0
                0x0000000000000000                . = ALIGN (0x4)
                0x0000000000000000                . = ALIGN (0x80)
                0x0000000000000000                . = ALIGN (0x100)
                0x0000000000000000                _vector_start = .
 *(SORT_BY_ALIGNMENT(.exc_vector_table))
 *(SORT_BY_ALIGNMENT(.exc_vector_table.*))
 .exc_vector_table._vector_table_section
                0x0000000000000000       0x40 zephyr/arch/arch/arm/core/aarch32/cortex_m/libarch__arm__core__aarch32__cortex_m.a(vector_table.S.obj)
                0x0000000000000000                _vector_table
 *(SORT_BY_ALIGNMENT(.gnu.linkonce.irq_vector_table*))
 .gnu.linkonce.irq_vector_table*
                0x0000000000000040       0x9c zephyr/arch/common/libisr_tables.a(isr_tables.c.obj)
                0x0000000000000040                _irq_vector_table
 *(SORT_BY_ALIGNMENT(.vectors))
                0x00000000000000dc                _vector_end = .
 *(SORT_BY_ALIGNMENT(.openocd_dbg))
 *(SORT_BY_ALIGNMENT(.openocd_dbg.*))

text            0x00000000000000e0    0x202ec
                0x00000000000000e0                _image_text_start = .
 *(SORT_BY_ALIGNMENT(.text))
 .text          0x00000000000000e0       0x30 /opt/gnuarmemb/bin/../lib/gcc/arm-none-eabi/9.2.1/thumb/v7e-m/nofp/libgcc.a(_aeabi_uldivmod.o)
                0x00000000000000e0                __aeabi_uldivmod
 .text          0x0000000000000110      0x2c0 /opt/gnuarmemb/bin/../lib/gcc/arm-none-eabi/9.2.1/thumb/v7e-m/nofp/libgcc.a(_udivmoddi4.o)
                0x0000000000000110                __udivmoddi4
 .text          0x00000000000003d0        0x4 /opt/gnuarmemb/bin/../lib/gcc/arm-none-eabi/9.2.1/thumb/v7e-m/nofp/libgcc.a(_dvmd_tls.o)
                0x00000000000003d0                __aeabi_ldiv0
                0x00000000000003d0                __aeabi_idiv0
 .text          0x00000000000003d4       0x34 /home/johangarrido/ncs/nrfxlib/mpsl/lib/cortex-m4/soft-float/libmpsl.a(libmpsl_debug_soft__obfuscated.elf)
                0x00000000000003d4                sym_QV6CME4HLWJA6KQZ7HE7ECNT7UGKOYHKNHH6E7I
 .text          0x0000000000000408        0xc /home/johangarrido/ncs/nrfxlib/mpsl/lib/cortex-m4/soft-float/libmpsl.a(libmpsl_debug_soft__obfuscated.elf)
                0x0000000000000408                sym_SKFSQME5SGNPYLL7B75KY7PHXFYWSRI2HSTT45A
 .text          0x0000000000000414       0x18 /home/johangarrido/ncs/nrfxlib/mpsl/lib/cortex-m4/soft-float/libmpsl.a(libmpsl_debug_soft__obfuscated.elf)
                0x0000000000000414                sym_4RNEPYYQOFM4LAOGLN2TB27X7L3XBISTGAWYOHQ
 .text          0x000000000000042c       0xd4 /home/johangarrido/ncs/nrfxlib/mpsl/lib/cortex-m4/soft-float/libmpsl.a(libmpsl_debug_soft__obfuscated.elf)
 .text          0x0000000000000500       0x78 /home/johangarrido/ncs/nrfxlib/mpsl/lib/cortex-m4/soft-float/libmpsl.a(libmpsl_debug_soft__obfuscated.elf)
 .text          0x0000000000000578      0x294 /home/johangarrido/ncs/nrfxlib/mpsl/lib/cortex-m4/soft-float/libmpsl.a(libmpsl_debug_soft__obfuscated.elf)
 .text          0x000000000000080c      0x12c /home/johangarrido/ncs/nrfxlib/mpsl/lib/cortex-m4/soft-float/libmpsl.a(libmpsl_debug_soft__obfuscated.elf)
 .text          0x0000000000000938       0x18 /home/johangarrido/ncs/nrfxlib/mpsl/lib/cortex-m4/soft-float/libmpsl.a(libmpsl_debug_soft__obfuscated.elf)
 .text          0x0000000000000950      0x52c /home/johangarrido/ncs/nrfxlib/mpsl/lib/cortex-m4/soft-float/libmpsl.a(libmpsl_debug_soft__obfuscated.elf)
 .text          0x0000000000000e7c       0x60 /home/johangarrido/ncs/nrfxlib/mpsl/lib/cortex-m4/soft-float/libmpsl.a(libmpsl_debug_soft__obfuscated.elf)
 .text          0x0000000000000edc       0xcc /home/johangarrido/ncs/nrfxlib/mpsl/lib/cortex-m4/soft-float/libmpsl.a(libmpsl_debug_soft__obfuscated.elf)
 .text          0x0000000000000fa8       0x7c /home/johangarrido/ncs/nrfxlib/mpsl/lib/cortex-m4/soft-float/libmpsl.a(libmpsl_debug_soft__obfuscated.elf)
 .text          0x0000000000001024       0x60 /home/johangarrido/ncs/nrfxlib/mpsl/lib/cortex-m4/soft-float/libmpsl.a(libmpsl_debug_soft__obfuscated.elf)
 .text          0x0000000000001084      0x1a0 /home/johangarrido/ncs/nrfxlib/mpsl/lib/cortex-m4/soft-float/libmpsl.a(libmpsl_debug_soft__obfuscated.elf)
 .text          0x0000000000001224      0x1f0 /home/johangarrido/ncs/nrfxlib/mpsl/lib/cortex-m4/soft-float/libmpsl.a(libmpsl_debug_soft__obfuscated.elf)
                0x0000000000001224                sym_QWOE5H22ZADGJX5JSROW7BOI32Z6PPEEJCISNOQ
 .text          0x0000000000001414       0x6c /home/johangarrido/ncs/nrfxlib/mpsl/lib/cortex-m4/soft-float/libmpsl.a(libmpsl_debug_soft__obfuscated.elf)
                0x0000000000001414                sym_2O2USXABBLL6KC7E5NJFOHR6JLZMSV4AU5ZYH3Q
 .text          0x0000000000001480       0x48 /home/johangarrido/ncs/nrfxlib/mpsl/lib/cortex-m4/soft-float/libmpsl.a(libmpsl_debug_soft__obfuscated.elf)
                0x0000000000001480                sym_VDVM4QLBTRUPEGCBUXIK25LH2KVQWBZXHRBYEFY
 .text          0x00000000000014c8       0x38 /home/johangarrido/ncs/nrfxlib/mpsl/lib/cortex-m4/soft-float/libmpsl.a(libmpsl_debug_soft__obfuscated.elf)
                0x00000000000014c8                sym_UY2NI5OOASY6266A2A7GY3XEUA5M2CDE2WTVEIY
 .text          0x0000000000001500      0x1a8 /home/johangarrido/ncs/nrfxlib/mpsl/lib/cortex-m4/soft-float/libmpsl.a(libmpsl_debug_soft__obfuscated.elf)
                0x0000000000001500                sym_J5F7QGRFPKMLWRNSXZXS5YI7BM4DUTISCOASCOA
 .text          0x00000000000016a8       0x14 /home/johangarrido/ncs/nrfxlib/mpsl/lib/cortex-m4/soft-float/libmpsl.a(libmpsl_debug_soft__obfuscated.elf)
                0x00000000000016a8                sym_MGCUANL7Q2CUPWKYBFLWSWSNXIEEYBPZTHT2VZI
 .text          0x00000000000016bc      0x474 /home/johangarrido/ncs/nrfxlib/mpsl/lib/cortex-m4/soft-float/libmpsl.a(libmpsl_debug_soft__obfuscated.elf)
                0x00000000000016bc                sym_NFDFVOR5BUFND4TNTGYIYR4ARXJRXWSQ4PVFUKY
 .text          0x0000000000001b30      0x3c4 /home/johangarrido/ncs/nrfxlib/mpsl/lib/cortex-m4/soft-float/libmpsl.a(libmpsl_debug_soft__obfuscated.elf)
                0x0000000000001b30                sym_CVH6S6LMSFPC2RM6I6LYWFRVOJUD3A6OCMG7AAI
 .text          0x0000000000001ef4      0x218 /home/johangarrido/ncs/nrfxlib/mpsl/lib/cortex-m4/soft-float/libmpsl.a(libmpsl_debug_soft__obfuscated.elf)
                0x0000000000001ef4                sym_R4Y3KWNYX4PGGLE5X2L7DXMWMJUY3DOXD7LSUKY
 .text          0x000000000000210c       0x44 /home/johangarrido/ncs/nrfxlib/mpsl/lib/cortex-m4/soft-float/libmpsl.a(libmpsl_debug_soft__obfuscated.elf)
                0x000000000000210c                sym_CFZK3G6ZC4ONUAYO2UALWQ4CBO7A6ADNAS2FS7Y
 .text          0x0000000000002150      0x210 /home/johangarrido/ncs/nrfxlib/mpsl/lib/cortex-m4/soft-float/libmpsl.a(libmpsl_debug_soft__obfuscated.elf)
                0x0000000000002150                sym_DQFOGVCNU4NTOMWSL3IYDNCMIXT2LT7SZHL5IHI
 .text          0x0000000000002360       0x44 /home/johangarrido/ncs/nrfxlib/mpsl/lib/cortex-m4/soft-float/libmpsl.a(libmpsl_debug_soft__obfuscated.elf)
                0x0000000000002360                sym_RPHL2J7CVNKM6GKLDIFI4NVAPZE2FHTYW4VJSJI
 .text          0x00000000000023a4      0x130 /home/johangarrido/ncs/nrfxlib/mpsl/lib/cortex-m4/soft-float/libmpsl.a(libmpsl_debug_soft__obfuscated.elf)
                0x00000000000023a4                sym_SFR5TVV24PZRIRC5QGOHL2X436PUHKRY2QWKP5Y
 .text          0x00000000000024d4       0xdc /home/johangarrido/ncs/nrfxlib/mpsl/lib/cortex-m4/soft-float/libmpsl.a(libmpsl_debug_soft__obfuscated.elf)
                0x00000000000024d4                sym_URFU24FFGR2HYB6CCPIPKPNZNMTWHKDYOATUJNY
 .text          0x00000000000025b0       0xa8 /home/johangarrido/ncs/nrfxlib/mpsl/lib/cortex-m4/soft-float/libmpsl.a(libmpsl_debug_soft__obfuscated.elf)
                0x00000000000025b0                sym_ZC6NJBPUISWILQK6OTOBMJVVUT63JRIDGH5WNCY
 .text          0x0000000000002658       0x3c /home/johangarrido/ncs/nrfxlib/mpsl/lib/cortex-m4/soft-float/libmpsl.a(libmpsl_debug_soft__obfuscated.elf)
                0x0000000000002658                sym_4FXF7BZT2IZ3YRYSE3Z2XCICKWZPGDZTXL2ECZQ
 .text          0x0000000000002694       0x9c /home/johangarrido/ncs/nrfxlib/mpsl/lib/cortex-m4/soft-float/libmpsl.a(libmpsl_debug_soft__obfuscated.elf)
                0x0000000000002694                MPSL_IRQ_RTC0_Handler
 .text          0x0000000000002730       0xf8 /home/johangarrido/ncs/nrfxlib/mpsl/lib/cortex-m4/soft-float/libmpsl.a(libmpsl_debug_soft__obfuscated.elf)
                0x0000000000002730                MPSL_IRQ_TIMER0_Handler
 .text          0x0000000000002828       0x5c /home/johangarrido/ncs/nrfxlib/mpsl/lib/cortex-m4/soft-float/libmpsl.a(libmpsl_debug_soft__obfuscated.elf)
 .text          0x0000000000002884        0xc /home/johangarrido/ncs/nrfxlib/mpsl/lib/cortex-m4/soft-float/libmpsl.a(libmpsl_debug_soft__obfuscated.elf)
                0x0000000000002884                sym_M4DIQOXJAE3BNHQBIUCZXAABSM24CWUEJOCU7DY
 .text          0x0000000000002890      0x134 /home/johangarrido/ncs/nrfxlib/mpsl/lib/cortex-m4/soft-float/libmpsl.a(libmpsl_debug_soft__obfuscated.elf)
                0x0000000000002890                sym_2ZDZA75WOMRNSQ6XL7IZWAQKYFFSRJOGBGKPTIQ
 .text          0x00000000000029c4       0xcc /home/johangarrido/ncs/nrfxlib/mpsl/lib/cortex-m4/soft-float/libmpsl.a(libmpsl_debug_soft__obfuscated.elf)
                0x00000000000029c4                sym_UGOJA475OXR5HR5WFINUK27HP5BRGNWCZXQLKDI
 .text          0x0000000000002a90        0xc /home/johangarrido/ncs/nrfxlib/mpsl/lib/cortex-m4/soft-float/libmpsl.a(libmpsl_debug_soft__obfuscated.elf)
                0x0000000000002a90                sym_RUQO26WM5KVVEW7O3OHCXPO7LLLXRBDPIPSWIWY
 .text          0x0000000000002a9c       0xf4 /home/johangarrido/ncs/nrfxlib/mpsl/lib/cortex-m4/soft-float/libmpsl.a(libmpsl_debug_soft__obfuscated.elf)
                0x0000000000002a9c                sym_QUBGY7RMPG7R5F6DVNURH4AVGDAWMK46YXU4DRA
 .text          0x0000000000002b90      0x190 /home/johangarrido/ncs/nrfxlib/mpsl/lib/cortex-m4/soft-float/libmpsl.a(libmpsl_debug_soft__obfuscated.elf)
                0x0000000000002b90                sym_X2K67YH6UCW6TFK6NTLPZZFGWYHTTPZYK5PXHNQ
 .text          0x0000000000002d20       0xb8 /home/johangarrido/ncs/nrfxlib/mpsl/lib/cortex-m4/soft-float/libmpsl.a(libmpsl_debug_soft__obfuscated.elf)
                0x0000000000002d20                sym_TSYEIN5CZPQE3YK6VECZD5C2M4LMXKKH6O7LNAY
 .text          0x0000000000002dd8       0x94 /home/johangarrido/ncs/nrfxlib/mpsl/lib/cortex-m4/soft-float/libmpsl.a(libmpsl_debug_soft__obfuscated.elf)
                0x0000000000002dd8                sym_OLTN5HGCU3P74AJAQRGNYBUXASUKWF3RI2Q3H5Q
 .text          0x0000000000002e6c       0x28 /home/johangarrido/ncs/nrfxlib/mpsl/lib/cortex-m4/soft-float/libmpsl.a(libmpsl_debug_soft__obfuscated.elf)
                0x0000000000002e6c                sym_CPXNCG66C5WXYS4GOKTR2JEIS45ZVRZUCBYX34I
 .text          0x0000000000002e94       0x34 /home/johangarrido/ncs/nrfxlib/mpsl/lib/cortex-m4/soft-float/libmpsl.a(libmpsl_debug_soft__obfuscated.elf)
                0x0000000000002e94                sym_CQWZ455IMTLTPY5LEEZHXHRRNX223B3HTDD45HA
 .text          0x0000000000002ec8       0x78 /home/johangarrido/ncs/nrfxlib/mpsl/lib/cortex-m4/soft-float/libmpsl.a(libmpsl_debug_soft__obfuscated.elf)
                0x0000000000002ec8                sym_3SK52U5TD4ACVVYKWS6UI6ZPWKSLV6BW5IGCPJI
 .text          0x0000000000002f40       0x58 /home/johangarrido/ncs/nrfxlib/mpsl/lib/cortex-m4/soft-float/libmpsl.a(libmpsl_debug_soft__obfuscated.elf)
                0x0000000000002f40                sym_AO7IDJTBMFZUQLFLRLEUMHZWK5ISLDQ2UN56FCI
 .text          0x0000000000002f98       0x50 /home/johangarrido/ncs/nrfxlib/mpsl/lib/cortex-m4/soft-float/libmpsl.a(libmpsl_debug_soft__obfuscated.elf)
                0x0000000000002f98                MPSL_IRQ_CLOCK_Handler
 .text          0x0000000000002fe8       0x38 /home/johangarrido/ncs/nrfxlib/mpsl/lib/cortex-m4/soft-float/libmpsl.a(libmpsl_debug_soft__obfuscated.elf)
 .text          0x0000000000003020       0x54 /home/johangarrido/ncs/nrfxlib/mpsl/lib/cortex-m4/soft-float/libmpsl.a(libmpsl_debug_soft__obfuscated.elf)
 .text          0x0000000000003074       0xb4 /home/johangarrido/ncs/nrfxlib/mpsl/lib/cortex-m4/soft-float/libmpsl.a(libmpsl_debug_soft__obfuscated.elf)
 .text          0x0000000000003128      0x174 /home/johangarrido/ncs/nrfxlib/mpsl/lib/cortex-m4/soft-float/libmpsl.a(libmpsl_debug_soft__obfuscated.elf)
 .text          0x000000000000329c       0x38 /home/johangarrido/ncs/nrfxlib/mpsl/lib/cortex-m4/soft-float/libmpsl.a(libmpsl_debug_soft__obfuscated.elf)
                0x000000000000329c                sym_AF5XKA2WT4DMFZTLKHOBWE7E2EZAMLDDFPQGGTQ
 .text          0x00000000000032d4       0x28 /home/johangarrido/ncs/nrfxlib/mpsl/lib/cortex-m4/soft-float/libmpsl.a(libmpsl_debug_soft__obfuscated.elf)
                0x00000000000032d4                sym_PEUB6CZG5CWXXD4M2S6OVBXZGDFOG4XII7USUDQ
 .text          0x00000000000032fc       0x1c /home/johangarrido/ncs/nrfxlib/mpsl/lib/cortex-m4/soft-float/libmpsl.a(libmpsl_debug_soft__obfuscated.elf)
                0x00000000000032fc                mpsl_clock_hfclk_release
 .text          0x0000000000003318       0x38 /home/johangarrido/ncs/nrfxlib/mpsl/lib/cortex-m4/soft-float/libmpsl.a(libmpsl_debug_soft__obfuscated.elf)
                0x0000000000003318                mpsl_clock_hfclk_request
 .text          0x0000000000003350       0x1c /home/johangarrido/ncs/nrfxlib/mpsl/lib/cortex-m4/soft-float/libmpsl.a(libmpsl_debug_soft__obfuscated.elf)
                0x0000000000003350                sym_MXEZOAVPP5LXUOZ6LJGDWJ57JEG5BZ5YB7LCG7Y
 .text          0x000000000000336c       0x38 /home/johangarrido/ncs/nrfxlib/mpsl/lib/cortex-m4/soft-float/libmpsl.a(libmpsl_debug_soft__obfuscated.elf)
                0x000000000000336c                sym_UZOVMIXHY2SDZSVAWFRK4RKQPHXNS37P2CLQ57A
 .text          0x00000000000033a4       0xa0 /home/johangarrido/ncs/nrfxlib/mpsl/lib/cortex-m4/soft-float/libmpsl.a(libmpsl_debug_soft__obfuscated.elf)
                0x00000000000033a4                sym_FYHKZOVAJN6VDDHY43FT7PF4YLRDHWRTEWHFG6I
 .text          0x0000000000003444        0xc /home/johangarrido/ncs/nrfxlib/mpsl/lib/cortex-m4/soft-float/libmpsl.a(libmpsl_debug_soft__obfuscated.elf)
                0x0000000000003444                sym_ETIE3PCEXQYLK2GIVZENQ6V7PLBRV57MB7BDMNY
 .text          0x0000000000003450       0x3c /home/johangarrido/ncs/nrfxlib/mpsl/lib/cortex-m4/soft-float/libmpsl.a(libmpsl_debug_soft__obfuscated.elf)
                0x0000000000003450                sym_UG7CMBAYEZEKSKQK753P4TBTSPUXVRWUS6QJJOA
 .text          0x000000000000348c       0x10 /home/johangarrido/ncs/nrfxlib/mpsl/lib/cortex-m4/soft-float/libmpsl.a(libmpsl_debug_soft__obfuscated.elf)
                0x000000000000348c                sym_4CZSFTTT34WDYFZKE2NSCSVSYLPHLZYN7QUTGHY
 .text          0x000000000000349c       0x5c /home/johangarrido/ncs/nrfxlib/mpsl/lib/cortex-m4/soft-float/libmpsl.a(libmpsl_debug_soft__obfuscated.elf)
                0x000000000000349c                sym_A4JUKJUCTJV55V2WD6TXU63VO5GAMB4XA4EE56Q
 .text          0x00000000000034f8        0xc /home/johangarrido/ncs/nrfxlib/mpsl/lib/cortex-m4/soft-float/libmpsl.a(libmpsl_debug_soft__obfuscated.elf)
                0x00000000000034f8                sym_PIRI3CTIHOPR5MPDQRHBJRRZEA2NVOD4J3GXGOA
 .text          0x0000000000003504       0x1c /home/johangarrido/ncs/nrfxlib/mpsl/lib/cortex-m4/soft-float/libmpsl.a(libmpsl_debug_soft__obfuscated.elf)
                0x0000000000003504                sym_LIY23QT3GHIV7NCGJ6ZW6LB2ZUSI56CIFCL6HUY
 .text          0x0000000000003520       0x18 /home/johangarrido/ncs/nrfxlib/mpsl/lib/cortex-m4/soft-float/libmpsl.a(libmpsl_debug_soft__obfuscated.elf)
                0x0000000000003520                sym_XK3TMLCZALCYYWGULGHQIRSOBMPIIPJ7HEMOZIQ
 .text          0x0000000000003538       0x10 /home/johangarrido/ncs/nrfxlib/mpsl/lib/cortex-m4/soft-float/libmpsl.a(libmpsl_debug_soft__obfuscated.elf)
                0x0000000000003538                sym_7BUNPUBNWNFVXXIMNFFNK765OVON5LBIUZ66QRI
 .text          0x0000000000003548       0x30 /home/johangarrido/ncs/nrfxlib/mpsl/lib/cortex-m4/soft-float/libmpsl.a(libmpsl_debug_soft__obfuscated.elf)
 .text          0x0000000000003578       0x10 /home/johangarrido/ncs/nrfxlib/mpsl/lib/cortex-m4/soft-float/libmpsl.a(libmpsl_debug_soft__obfuscated.elf)
                0x0000000000003578                sym_4JLKMM32SOXCP6XBYAWZDUIMUJIYXLKKDBOFLHI
 .text          0x0000000000003588       0x20 /home/johangarrido/ncs/nrfxlib/mpsl/lib/cortex-m4/soft-float/libmpsl.a(libmpsl_debug_soft__obfuscated.elf)
 .text          0x00000000000035a8       0x24 /home/johangarrido/ncs/nrfxlib/mpsl/lib/cortex-m4/soft-float/libmpsl.a(libmpsl_debug_soft__obfuscated.elf)
 .text          0x00000000000035cc       0x48 /home/johangarrido/ncs/nrfxlib/mpsl/lib/cortex-m4/soft-float/libmpsl.a(libmpsl_debug_soft__obfuscated.elf)
                0x00000000000035cc                sym_S2UAPMFVIQXDUOA6CV7GJMB33TYHEUH5D6LHO5Q
 .text          0x0000000000003614       0x68 /home/johangarrido/ncs/nrfxlib/mpsl/lib/cortex-m4/soft-float/libmpsl.a(libmpsl_debug_soft__obfuscated.elf)
                0x0000000000003614                mpsl_init
 .text          0x000000000000367c        0xc /home/johangarrido/ncs/nrfxlib/mpsl/lib/cortex-m4/soft-float/libmpsl.a(libmpsl_debug_soft__obfuscated.elf)
                0x000000000000367c                mpsl_is_initialized
 .text          0x0000000000003688       0x24 /home/johangarrido/ncs/nrfxlib/mpsl/lib/cortex-m4/soft-float/libmpsl.a(libmpsl_debug_soft__obfuscated.elf)
                0x0000000000003688                sym_XR32KBBIVYD5OVRJM2RBQ57EGCCM2C3F5IY6OHQ
 .text          0x00000000000036ac       0x84 /home/johangarrido/ncs/nrfxlib/mpsl/lib/cortex-m4/soft-float/libmpsl.a(libmpsl_debug_soft__obfuscated.elf)
                0x00000000000036ac                mpsl_temperature_get
 .text          0x0000000000003730       0x3c /home/johangarrido/ncs/nrfxlib/mpsl/lib/cortex-m4/soft-float/libmpsl.a(libmpsl_debug_soft__obfuscated.elf)
                0x0000000000003730                sym_W7ROFHNOSDKPIRUKDGIZZ5YR3MC3DAM2YLJOUIA
 .text          0x000000000000376c       0x38 /home/johangarrido/ncs/nrfxlib/mpsl/lib/cortex-m4/soft-float/libmpsl.a(libmpsl_debug_soft__obfuscated.elf)
                0x000000000000376c                sym_GURZ3AH6X65RGSKYMYNWZVP6HM56LA5MRAQWT6Q
 .text          0x00000000000037a4       0x48 /home/johangarrido/ncs/nrfxlib/mpsl/lib/cortex-m4/soft-float/libmpsl.a(libmpsl_debug_soft__obfuscated.elf)
                0x00000000000037a4                sym_VWGRUQT3LYZHLYS5KJ7UOCJEHLDJTWH4RVJBGKQ
 .text          0x00000000000037ec       0x24 /home/johangarrido/ncs/nrfxlib/mpsl/lib/cortex-m4/soft-float/libmpsl.a(libmpsl_debug_soft__obfuscated.elf)
                0x00000000000037ec                sym_4WL3TG4Q7RCTFEMPQ2CQTOL4PAKUULDPJUM5DTY
 .text          0x0000000000003810       0x60 /home/johangarrido/ncs/nrfxlib/mpsl/lib/cortex-m4/soft-float/libmpsl.a(libmpsl_debug_soft__obfuscated.elf)
                0x0000000000003810                sym_PAD7XREQQORPXRJMXMW2EYVS4S43S42A5D43SBA
 .text          0x0000000000003870       0x40 /home/johangarrido/ncs/nrfxlib/mpsl/lib/cortex-m4/soft-float/libmpsl.a(libmpsl_debug_soft__obfuscated.elf)
                0x0000000000003870                sym_DQONLUECJTIEYFOFJXXAPJO4POIAJKJNKBGVN5A
 .text          0x00000000000038b0       0x40 /home/johangarrido/ncs/nrfxlib/mpsl/lib/cortex-m4/soft-float/libmpsl.a(libmpsl_debug_soft__obfuscated.elf)
 .text          0x00000000000038f0       0x28 /home/johangarrido/ncs/nrfxlib/mpsl/lib/cortex-m4/soft-float/libmpsl.a(libmpsl_debug_soft__obfuscated.elf)
                0x00000000000038f0                sym_24DWUIEE2POS3GYSEVA4IAL4G7TGCCCJXT6D5AA
 .text          0x0000000000003918       0x58 /home/johangarrido/ncs/nrfxlib/mpsl/lib/cortex-m4/soft-float/libmpsl.a(libmpsl_debug_soft__obfuscated.elf)
                0x0000000000003918                sym_GNQQQFEWM5SWEGVB5JHP7HYAZGI4CDQXSGHR4SQ
 .text          0x0000000000003970       0x1c /home/johangarrido/ncs/nrfxlib/mpsl/lib/cortex-m4/soft-float/libmpsl.a(libmpsl_debug_soft__obfuscated.elf)
                0x0000000000003970                sym_65YCAVBDKPZHZGRZXNQZCLS62UDJXZDBEFWVSII
 .text          0x000000000000398c       0x2c /home/johangarrido/ncs/nrfxlib/mpsl/lib/cortex-m4/soft-float/libmpsl.a(libmpsl_debug_soft__obfuscated.elf)
                0x000000000000398c                sym_H2AKPOL4Q6GKGQJVBUBWLPO3RBNKXXQE2HSOELQ
 .text          0x00000000000039b8       0x1c /home/johangarrido/ncs/nrfxlib/mpsl/lib/cortex-m4/soft-float/libmpsl.a(libmpsl_debug_soft__obfuscated.elf)
                0x00000000000039b8                sym_UCUZCD3IIQBIFBTQEAMBH3ROVF42G3OC6HCQXWQ
 .text          0x00000000000039d4       0x6c /home/johangarrido/ncs/nrfxlib/softdevice_controller/lib/cortex-m4/soft-float/libsoftdevice_controller_s132.a(libsoftdevice_controller_s132_debug_soft__obfuscated.elf)
 .text          0x0000000000003a40       0x1c /home/johangarrido/ncs/nrfxlib/softdevice_controller/lib/cortex-m4/soft-float/libsoftdevice_controller_s132.a(libsoftdevice_controller_s132_debug_soft__obfuscated.elf)
                0x0000000000003a40                sdc_build_revision_get
 .text          0x0000000000003a5c       0x58 /home/johangarrido/ncs/nrfxlib/softdevice_controller/lib/cortex-m4/soft-float/libsoftdevice_controller_s132.a(libsoftdevice_controller_s132_debug_soft__obfuscated.elf)
                0x0000000000003a5c                sdc_cfg_set
 .text          0x0000000000003ab4       0x44 /home/johangarrido/ncs/nrfxlib/softdevice_controller/lib/cortex-m4/soft-float/libsoftdevice_controller_s132.a(libsoftdevice_controller_s132_debug_soft__obfuscated.elf)
                0x0000000000003ab4                sdc_enable
 .text          0x0000000000003af8       0x8c /home/johangarrido/ncs/nrfxlib/softdevice_controller/lib/cortex-m4/soft-float/libsoftdevice_controller_s132.a(libsoftdevice_controller_s132_debug_soft__obfuscated.elf)
                0x0000000000003af8                sdc_init
 .text          0x0000000000003b84       0x68 /home/johangarrido/ncs/nrfxlib/softdevice_controller/lib/cortex-m4/soft-float/libsoftdevice_controller_s132.a(libsoftdevice_controller_s132_debug_soft__obfuscated.elf)
                0x0000000000003b84                sym_476LRB5XNUARAHCHHC7ZAIGPFC5VZ4W2N4467LI
 .text          0x0000000000003bec       0x46 /home/johangarrido/ncs/nrfxlib/softdevice_controller/lib/cortex-m4/soft-float/libsoftdevice_controller_s132.a(libsoftdevice_controller_s132_debug_soft__obfuscated.elf)
 *fill*         0x0000000000003c32        0x2 
 .text          0x0000000000003c34       0x50 /home/johangarrido/ncs/nrfxlib/softdevice_controller/lib/cortex-m4/soft-float/libsoftdevice_controller_s132.a(libsoftdevice_controller_s132_debug_soft__obfuscated.elf)
                0x0000000000003c34                sym_MEYOCD6AYGN6BYYH5M35H6GLLMHM6TYBBTCW2LI
 .text          0x0000000000003c84       0x68 /home/johangarrido/ncs/nrfxlib/softdevice_controller/lib/cortex-m4/soft-float/libsoftdevice_controller_s132.a(libsoftdevice_controller_s132_debug_soft__obfuscated.elf)
                0x0000000000003c84                sym_DUIEI4YTK3TJQ2V3W7PLOGVTWVPNDBBG4WJWTAQ
 .text          0x0000000000003cec       0x38 /home/johangarrido/ncs/nrfxlib/softdevice_controller/lib/cortex-m4/soft-float/libsoftdevice_controller_s132.a(libsoftdevice_controller_s132_debug_soft__obfuscated.elf)
 .text          0x0000000000003d24        0xc /home/johangarrido/ncs/nrfxlib/softdevice_controller/lib/cortex-m4/soft-float/libsoftdevice_controller_s132.a(libsoftdevice_controller_s132_debug_soft__obfuscated.elf)
                0x0000000000003d24                sym_Q4MVB6BAYYKAN3YZ2SZEJW6V5OITCIHY2IOHXKY
 .text          0x0000000000003d30       0x5c /home/johangarrido/ncs/nrfxlib/softdevice_controller/lib/cortex-m4/soft-float/libsoftdevice_controller_s132.a(libsoftdevice_controller_s132_debug_soft__obfuscated.elf)
 .text          0x0000000000003d8c       0x38 /home/johangarrido/ncs/nrfxlib/softdevice_controller/lib/cortex-m4/soft-float/libsoftdevice_controller_s132.a(libsoftdevice_controller_s132_debug_soft__obfuscated.elf)
                0x0000000000003d8c                sym_Z7NJGBYWCKFTEHRYWAIDKWPEUN45273QSWUA5CY
 .text          0x0000000000003dc4       0x1c /home/johangarrido/ncs/nrfxlib/softdevice_controller/lib/cortex-m4/soft-float/libsoftdevice_controller_s132.a(libsoftdevice_controller_s132_debug_soft__obfuscated.elf)
                0x0000000000003dc4                sym_CEENVC5DZRUT7MGF5LABXKT4NV7YUL5F6EX6TEQ
 .text          0x0000000000003de0        0xc /home/johangarrido/ncs/nrfxlib/softdevice_controller/lib/cortex-m4/soft-float/libsoftdevice_controller_s132.a(libsoftdevice_controller_s132_debug_soft__obfuscated.elf)
                0x0000000000003de0                sym_PPT6FEOF2T6DRALMCRRTUI7CHLEPBAN25HYV3KQ
 .text          0x0000000000003dec       0x1c /home/johangarrido/ncs/nrfxlib/softdevice_controller/lib/cortex-m4/soft-float/libsoftdevice_controller_s132.a(libsoftdevice_controller_s132_debug_soft__obfuscated.elf)
                0x0000000000003dec                sym_TU2SMBIUC7JL6C3K2XB6727DQLBLV5LEGIMZAFQ
 .text          0x0000000000003e08        0xc /home/johangarrido/ncs/nrfxlib/softdevice_controller/lib/cortex-m4/soft-float/libsoftdevice_controller_s132.a(libsoftdevice_controller_s132_debug_soft__obfuscated.elf)
                0x0000000000003e08                sym_CIVMWIRGIOQ374UFFPIFNN4ZGKYK2FRKTT6YRYA
 .text          0x0000000000003e14       0x1c /home/johangarrido/ncs/nrfxlib/softdevice_controller/lib/cortex-m4/soft-float/libsoftdevice_controller_s132.a(libsoftdevice_controller_s132_debug_soft__obfuscated.elf)
                0x0000000000003e14                sym_TG7NSIC2UKHCUBZWZ4K4EMD5QRI2QVSKVKV6CFQ
 .text          0x0000000000003e30       0x24 /home/johangarrido/ncs/nrfxlib/softdevice_controller/lib/cortex-m4/soft-float/libsoftdevice_controller_s132.a(libsoftdevice_controller_s132_debug_soft__obfuscated.elf)
                0x0000000000003e30                sdc_hci_cmd_cb_reset
 .text          0x0000000000003e54        0xc /home/johangarrido/ncs/nrfxlib/softdevice_controller/lib/cortex-m4/soft-float/libsoftdevice_controller_s132.a(libsoftdevice_controller_s132_debug_soft__obfuscated.elf)
                0x0000000000003e54                sym_G3KVRHCJDVHL7HV53526V3YI3DTK2IW2CADUWZQ
 .text          0x0000000000003e60       0x20 /home/johangarrido/ncs/nrfxlib/softdevice_controller/lib/cortex-m4/soft-float/libsoftdevice_controller_s132.a(libsoftdevice_controller_s132_debug_soft__obfuscated.elf)
                0x0000000000003e60                sdc_hci_cmd_vs_zephyr_read_version_info
 .text          0x0000000000003e80       0x6c /home/johangarrido/ncs/nrfxlib/softdevice_controller/lib/cortex-m4/soft-float/libsoftdevice_controller_s132.a(libsoftdevice_controller_s132_debug_soft__obfuscated.elf)
                0x0000000000003e80                sym_QSUAMFEDJMVCYQUJNPHGXEKEFULJEH46BNC5SLA
 .text          0x0000000000003eec       0x1c /home/johangarrido/ncs/nrfxlib/softdevice_controller/lib/cortex-m4/soft-float/libsoftdevice_controller_s132.a(libsoftdevice_controller_s132_debug_soft__obfuscated.elf)
                0x0000000000003eec                sym_XHE47EZYHONCPR22HUAZULMCALDJINMYREOFDEI
 .text          0x0000000000003f08       0x88 /home/johangarrido/ncs/nrfxlib/softdevice_controller/lib/cortex-m4/soft-float/libsoftdevice_controller_s132.a(libsoftdevice_controller_s132_debug_soft__obfuscated.elf)
                0x0000000000003f08                sym_EQ53CEL7EDVHMFMHMFPRRQU46C5YKKFEBAACFOA
 .text          0x0000000000003f90       0x4c /home/johangarrido/ncs/nrfxlib/softdevice_controller/lib/cortex-m4/soft-float/libsoftdevice_controller_s132.a(libsoftdevice_controller_s132_debug_soft__obfuscated.elf)
                0x0000000000003f90                sym_6I4XEOIW7LI2E3Z53L54ZHQQHYICXR4H4JQWXLA
 .text          0x0000000000003fdc       0x64 /home/johangarrido/ncs/nrfxlib/softdevice_controller/lib/cortex-m4/soft-float/libsoftdevice_controller_s132.a(libsoftdevice_controller_s132_debug_soft__obfuscated.elf)
                0x0000000000003fdc                sym_4AWF7EXI3MMHUULTY73E756U3IY5DEXOZ265MZY
 .text          0x0000000000004040       0x10 /home/johangarrido/ncs/nrfxlib/softdevice_controller/lib/cortex-m4/soft-float/libsoftdevice_controller_s132.a(libsoftdevice_controller_s132_debug_soft__obfuscated.elf)
 .text          0x0000000000004050       0x6c /home/johangarrido/ncs/nrfxlib/softdevice_controller/lib/cortex-m4/soft-float/libsoftdevice_controller_s132.a(libsoftdevice_controller_s132_debug_soft__obfuscated.elf)
 .text          0x00000000000040bc       0x20 /home/johangarrido/ncs/nrfxlib/softdevice_controller/lib/cortex-m4/soft-float/libsoftdevice_controller_s132.a(libsoftdevice_controller_s132_debug_soft__obfuscated.elf)
 .text          0x00000000000040dc       0x64 /home/johangarrido/ncs/nrfxlib/softdevice_controller/lib/cortex-m4/soft-float/libsoftdevice_controller_s132.a(libsoftdevice_controller_s132_debug_soft__obfuscated.elf)
 .text          0x0000000000004140       0x14 /home/johangarrido/ncs/nrfxlib/softdevice_controller/lib/cortex-m4/soft-float/libsoftdevice_controller_s132.a(libsoftdevice_controller_s132_debug_soft__obfuscated.elf)
 .text          0x0000000000004154       0x14 /home/johangarrido/ncs/nrfxlib/softdevice_controller/lib/cortex-m4/soft-float/libsoftdevice_controller_s132.a(libsoftdevice_controller_s132_debug_soft__obfuscated.elf)
 .text          0x0000000000004168       0xa4 /home/johangarrido/ncs/nrfxlib/softdevice_controller/lib/cortex-m4/soft-float/libsoftdevice_controller_s132.a(libsoftdevice_controller_s132_debug_soft__obfuscated.elf)
                0x0000000000004168                sym_24NU2MJKHN4R2Z7HXHMPDWTTDYSB32VL6HEQPZA
 .text          0x000000000000420c       0x58 /home/johangarrido/ncs/nrfxlib/softdevice_controller/lib/cortex-m4/soft-float/libsoftdevice_controller_s132.a(libsoftdevice_controller_s132_debug_soft__obfuscated.elf)
                0x000000000000420c                sym_3QFBRH4ZSIA64QP2I3K547Y5WIALGQTCBP5Y5SQ
 .text          0x0000000000004264       0x68 /home/johangarrido/ncs/nrfxlib/softdevice_controller/lib/cortex-m4/soft-float/libsoftdevice_controller_s132.a(libsoftdevice_controller_s132_debug_soft__obfuscated.elf)
                0x0000000000004264                sym_6DYG6C6ROXZA67GZINNB2XIQHL3KE2RCKK4QFXA
 .text          0x00000000000042cc       0x28 /home/johangarrido/ncs/nrfxlib/softdevice_controller/lib/cortex-m4/soft-float/libsoftdevice_controller_s132.a(libsoftdevice_controller_s132_debug_soft__obfuscated.elf)
                0x00000000000042cc                sym_NOQRMQ5IH6SQFJEPI5A3UBMITO54HG4WO4DTTXA
 .text          0x00000000000042f4       0x2c /home/johangarrido/ncs/nrfxlib/softdevice_controller/lib/cortex-m4/soft-float/libsoftdevice_controller_s132.a(libsoftdevice_controller_s132_debug_soft__obfuscated.elf)
                0x00000000000042f4                sym_YNBBHT54WKEGUNVC6TSBMRGLF67VFWBOYEMKGTQ
 .text          0x0000000000004320       0x30 /home/johangarrido/ncs/nrfxlib/softdevice_controller/lib/cortex-m4/soft-float/libsoftdevice_controller_s132.a(libsoftdevice_controller_s132_debug_soft__obfuscated.elf)
                0x0000000000004320                sym_35ZAQW4ABRMBYES2ZHPK63BHZAFFFC4WMGEJ6NA
 .text          0x0000000000004350       0x30 /home/johangarrido/ncs/nrfxlib/softdevice_controller/lib/cortex-m4/soft-float/libsoftdevice_controller_s132.a(libsoftdevice_controller_s132_debug_soft__obfuscated.elf)
 .text          0x0000000000004380       0x5c /home/johangarrido/ncs/nrfxlib/softdevice_controller/lib/cortex-m4/soft-float/libsoftdevice_controller_s132.a(libsoftdevice_controller_s132_debug_soft__obfuscated.elf)
 .text          0x00000000000043dc       0x8c /home/johangarrido/ncs/nrfxlib/softdevice_controller/lib/cortex-m4/soft-float/libsoftdevice_controller_s132.a(libsoftdevice_controller_s132_debug_soft__obfuscated.elf)
 .text          0x0000000000004468       0x34 /home/johangarrido/ncs/nrfxlib/softdevice_controller/lib/cortex-m4/soft-float/libsoftdevice_controller_s132.a(libsoftdevice_controller_s132_debug_soft__obfuscated.elf)
                0x0000000000004468                sym_E5WZNPP2DINHF6K4PHXLYLX5AXTYBQYGQESRSGQ
 .text          0x000000000000449c       0xd4 /home/johangarrido/ncs/nrfxlib/softdevice_controller/lib/cortex-m4/soft-float/libsoftdevice_controller_s132.a(libsoftdevice_controller_s132_debug_soft__obfuscated.elf)
                0x000000000000449c                sym_2ZCOT6ZEUU54S36NE627GOZVLBS26AFIUJKNLBI
 .text          0x0000000000004570       0x28 /home/johangarrido/ncs/nrfxlib/softdevice_controller/lib/cortex-m4/soft-float/libsoftdevice_controller_s132.a(libsoftdevice_controller_s132_debug_soft__obfuscated.elf)
                0x0000000000004570                sym_RZ4KEX57U2ASIFFSRQDHBCB7WVJNTOCZSYKJFSA
 .text          0x0000000000004598       0x4c /home/johangarrido/ncs/nrfxlib/softdevice_controller/lib/cortex-m4/soft-float/libsoftdevice_controller_s132.a(libsoftdevice_controller_s132_debug_soft__obfuscated.elf)
                0x0000000000004598                sym_YRXVGCYVFXOSIQO43AC5UEELHEXP2A4UAFUQRPI
 .text          0x00000000000045e4       0x10 /home/johangarrido/ncs/nrfxlib/softdevice_controller/lib/cortex-m4/soft-float/libsoftdevice_controller_s132.a(libsoftdevice_controller_s132_debug_soft__obfuscated.elf)
                0x00000000000045e4                sym_7YLXP6BHTAWWWMXLB5XOZU3Q27WEPTH5PONOKOI
 .text          0x00000000000045f4       0x28 /home/johangarrido/ncs/nrfxlib/softdevice_controller/lib/cortex-m4/soft-float/libsoftdevice_controller_s132.a(libsoftdevice_controller_s132_debug_soft__obfuscated.elf)
                0x00000000000045f4                sym_QFSP7NEBRUPCXI7KU3RYDOWD7SSPVNXVSULPYYY
 .text          0x000000000000461c        0xc /home/johangarrido/ncs/nrfxlib/softdevice_controller/lib/cortex-m4/soft-float/libsoftdevice_controller_s132.a(libsoftdevice_controller_s132_debug_soft__obfuscated.elf)
                0x000000000000461c                sym_O2AFZAWKVBYRIBDK67CHKRSMY4WR2S6V2VOPETI
 .text          0x0000000000004628       0x24 /home/johangarrido/ncs/nrfxlib/softdevice_controller/lib/cortex-m4/soft-float/libsoftdevice_controller_s132.a(libsoftdevice_controller_s132_debug_soft__obfuscated.elf)
                0x0000000000004628                sym_44PAL7VRDLM7JAHHE46SH64ZILJVRWB7LYZHG4I
 .text          0x000000000000464c        0xc /home/johangarrido/ncs/nrfxlib/softdevice_controller/lib/cortex-m4/soft-float/libsoftdevice_controller_s132.a(libsoftdevice_controller_s132_debug_soft__obfuscated.elf)
                0x000000000000464c                sym_ZXM7KZCJVXF5JQS53RSDXIJ4HMUIELSZ3E43YFQ
 .text          0x0000000000004658       0x20 /home/johangarrido/ncs/nrfxlib/softdevice_controller/lib/cortex-m4/soft-float/libsoftdevice_controller_s132.a(libsoftdevice_controller_s132_debug_soft__obfuscated.elf)
                0x0000000000004658                sym_G37M6IIXFP43ACRKNNFX4CIGVJGGHQJ62ZJ5TTI
 .text          0x0000000000004678       0x30 /home/johangarrido/ncs/nrfxlib/softdevice_controller/lib/cortex-m4/soft-float/libsoftdevice_controller_s132.a(libsoftdevice_controller_s132_debug_soft__obfuscated.elf)
                0x0000000000004678                sym_EYIHOGBWBCMB5KSAAVLK6V2XC2PNYI4CUGUZRMY
 .text          0x00000000000046a8       0x24 /home/johangarrido/ncs/nrfxlib/softdevice_controller/lib/cortex-m4/soft-float/libsoftdevice_controller_s132.a(libsoftdevice_controller_s132_debug_soft__obfuscated.elf)
                0x00000000000046a8                sym_VOWAB7CX7QR3QZO4BOMEFRG3OQVIEDUOTXDSIZQ
 .text          0x00000000000046cc       0x1c /home/johangarrido/ncs/nrfxlib/softdevice_controller/lib/cortex-m4/soft-float/libsoftdevice_controller_s132.a(libsoftdevice_controller_s132_debug_soft__obfuscated.elf)
 .text          0x00000000000046e8       0x4a /home/johangarrido/ncs/nrfxlib/softdevice_controller/lib/cortex-m4/soft-float/libsoftdevice_controller_s132.a(libsoftdevice_controller_s132_debug_soft__obfuscated.elf)
 *fill*         0x0000000000004732        0x2 
 .text          0x0000000000004734       0x44 /home/johangarrido/ncs/nrfxlib/softdevice_controller/lib/cortex-m4/soft-float/libsoftdevice_controller_s132.a(libsoftdevice_controller_s132_debug_soft__obfuscated.elf)
                0x0000000000004734                sym_4SVQMPT754VXN2AWYY6JE7KITHSHSLYTNUBSWZA
 .text          0x0000000000004778        0xc /home/johangarrido/ncs/nrfxlib/softdevice_controller/lib/cortex-m4/soft-float/libsoftdevice_controller_s132.a(libsoftdevice_controller_s132_debug_soft__obfuscated.elf)
                0x0000000000004778                sym_Z532D623Y7HDGW5WU344Z73EWIA3AYTZGWVFKIY
 .text          0x0000000000004784       0x10 /home/johangarrido/ncs/nrfxlib/softdevice_controller/lib/cortex-m4/soft-float/libsoftdevice_controller_s132.a(libsoftdevice_controller_s132_debug_soft__obfuscated.elf)
                0x0000000000004784                sym_P6K4PWFIUTLB5PEOIIMIJKUC3RGJ5ERWNYQK34Y
 .text          0x0000000000004794        0xc /home/johangarrido/ncs/nrfxlib/softdevice_controller/lib/cortex-m4/soft-float/libsoftdevice_controller_s132.a(libsoftdevice_controller_s132_debug_soft__obfuscated.elf)
                0x0000000000004794                sym_D6WSZJGHBVSNS7ZN6DCIU7W37KOBRFZ3D7V2IKQ
 .text          0x00000000000047a0       0x10 /home/johangarrido/ncs/nrfxlib/softdevice_controller/lib/cortex-m4/soft-float/libsoftdevice_controller_s132.a(libsoftdevice_controller_s132_debug_soft__obfuscated.elf)
                0x00000000000047a0                sym_5J64OSX6B5PYXNSLHXY64ZK4MCPU4BDFR5B2EQI
 .text          0x00000000000047b0       0x54 /home/johangarrido/ncs/nrfxlib/softdevice_controller/lib/cortex-m4/soft-float/libsoftdevice_controller_s132.a(libsoftdevice_controller_s132_debug_soft__obfuscated.elf)
                0x00000000000047b0                sym_MCAMJAIBJDD4JPS3OAKE3HA4IEMPLSTZ46SLXYY
 .text          0x0000000000004804       0x8c /home/johangarrido/ncs/nrfxlib/softdevice_controller/lib/cortex-m4/soft-float/libsoftdevice_controller_s132.a(libsoftdevice_controller_s132_debug_soft__obfuscated.elf)
                0x0000000000004804                sym_UW7UHI7YXZEM7ILBVUNOPL56EYZPKQPCGAGT25Y
 .text          0x0000000000004890       0x1c /home/johangarrido/ncs/nrfxlib/softdevice_controller/lib/cortex-m4/soft-float/libsoftdevice_controller_s132.a(libsoftdevice_controller_s132_debug_soft__obfuscated.elf)
                0x0000000000004890                sym_REO6MG4FRJTNQQ56RDJDYGEWFEO5TFVYGRW6OLI
 .text          0x00000000000048ac       0x24 /home/johangarrido/ncs/nrfxlib/softdevice_controller/lib/cortex-m4/soft-float/libsoftdevice_controller_s132.a(libsoftdevice_controller_s132_debug_soft__obfuscated.elf)
                0x00000000000048ac                sym_V7MOOXL5SOLISKFFGWJC7M3XDITU574WBQOXGWY
 .text          0x00000000000048d0        0xc /home/johangarrido/ncs/nrfxlib/softdevice_controller/lib/cortex-m4/soft-float/libsoftdevice_controller_s132.a(libsoftdevice_controller_s132_debug_soft__obfuscated.elf)
                0x00000000000048d0                sym_IXGTNRGKILIZPWG2NJIZ2ALUPW2IM3XFVCGJW2I
 .text          0x00000000000048dc       0x2c /home/johangarrido/ncs/nrfxlib/softdevice_controller/lib/cortex-m4/soft-float/libsoftdevice_controller_s132.a(libsoftdevice_controller_s132_debug_soft__obfuscated.elf)
                0x00000000000048dc                sym_54CHYGRI3UHSVLN5ZOGJESXNRISJW5CS4IYBN7Y
 .text          0x0000000000004908       0x28 /home/johangarrido/ncs/nrfxlib/softdevice_controller/lib/cortex-m4/soft-float/libsoftdevice_controller_s132.a(libsoftdevice_controller_s132_debug_soft__obfuscated.elf)
                0x0000000000004908                sym_AGWGY6I3YKHHV6TMAWL24HN4IKGOB7PZYXPWBRA
 .text          0x0000000000004930       0x28 /home/johangarrido/ncs/nrfxlib/softdevice_controller/lib/cortex-m4/soft-float/libsoftdevice_controller_s132.a(libsoftdevice_controller_s132_debug_soft__obfuscated.elf)
                0x0000000000004930                sym_JHXS4T25BAYOMDDZMWPX3HMPENRV73GSV2RYHAI
 .text          0x0000000000004958       0x2c /home/johangarrido/ncs/nrfxlib/softdevice_controller/lib/cortex-m4/soft-float/libsoftdevice_controller_s132.a(libsoftdevice_controller_s132_debug_soft__obfuscated.elf)
                0x0000000000004958                sym_65LA7GM3MU7DDFQKTB75BYTZMPMROSWKS3VXCNI
 .text          0x0000000000004984        0xc /home/johangarrido/ncs/nrfxlib/softdevice_controller/lib/cortex-m4/soft-float/libsoftdevice_controller_s132.a(libsoftdevice_controller_s132_debug_soft__obfuscated.elf)
                0x0000000000004984                sym_NKFCLZ5HTE6KVHDV5DGZ6TJP4KSZI43SYBECPRY
 .text          0x0000000000004990       0x20 /home/johangarrido/ncs/nrfxlib/softdevice_controller/lib/cortex-m4/soft-float/libsoftdevice_controller_s132.a(libsoftdevice_controller_s132_debug_soft__obfuscated.elf)
                0x0000000000004990                sym_QXKT3PVMDTZRAAU2QNTWO5VOUEZ4NW6TWISREXY
 .text          0x00000000000049b0       0x20 /home/johangarrido/ncs/nrfxlib/softdevice_controller/lib/cortex-m4/soft-float/libsoftdevice_controller_s132.a(libsoftdevice_controller_s132_debug_soft__obfuscated.elf)
                0x00000000000049b0                sym_MJCF2WRL4I323V23HKVENOJWV5IXH54R5X6LJRY
 .text          0x00000000000049d0       0x3c /home/johangarrido/ncs/nrfxlib/softdevice_controller/lib/cortex-m4/soft-float/libsoftdevice_controller_s132.a(libsoftdevice_controller_s132_debug_soft__obfuscated.elf)
                0x00000000000049d0                sym_Z47IXNZNEDTOWLB6B34VWMDNCXIIZJKTXKEH4NA
 .text          0x0000000000004a0c       0x24 /home/johangarrido/ncs/nrfxlib/softdevice_controller/lib/cortex-m4/soft-float/libsoftdevice_controller_s132.a(libsoftdevice_controller_s132_debug_soft__obfuscated.elf)
                0x0000000000004a0c                sym_OEEB4IPB4NLF7OND2A5BJPKCV3QQLIZIALUAOAI
 .text          0x0000000000004a30       0x38 /home/johangarrido/ncs/nrfxlib/softdevice_controller/lib/cortex-m4/soft-float/libsoftdevice_controller_s132.a(libsoftdevice_controller_s132_debug_soft__obfuscated.elf)
                0x0000000000004a30                sym_WCOWXKSKBH7DOKKKINFZAPWXKW4NYAUCJWTUKBI
 .text          0x0000000000004a68        0xc /home/johangarrido/ncs/nrfxlib/softdevice_controller/lib/cortex-m4/soft-float/libsoftdevice_controller_s132.a(libsoftdevice_controller_s132_debug_soft__obfuscated.elf)
                0x0000000000004a68                sym_BGPX36PUCNVPV3544HQ5RQFY5WG7CJAFVVBI7AY
 .text          0x0000000000004a74       0x30 /home/johangarrido/ncs/nrfxlib/softdevice_controller/lib/cortex-m4/soft-float/libsoftdevice_controller_s132.a(libsoftdevice_controller_s132_debug_soft__obfuscated.elf)
                0x0000000000004a74                sym_QKSVBALUN2V4XT4OCC56LE75IAYLDFRRIVLBZ2Q
 .text          0x0000000000004aa4       0x20 /home/johangarrido/ncs/nrfxlib/softdevice_controller/lib/cortex-m4/soft-float/libsoftdevice_controller_s132.a(libsoftdevice_controller_s132_debug_soft__obfuscated.elf)
                0x0000000000004aa4                sym_AO3U45UEGFLUPMT565ZR5UWUQUONF5AKILLCT3A
 .text          0x0000000000004ac4        0xc /home/johangarrido/ncs/nrfxlib/softdevice_controller/lib/cortex-m4/soft-float/libsoftdevice_controller_s132.a(libsoftdevice_controller_s132_debug_soft__obfuscated.elf)
                0x0000000000004ac4                sym_ZULXSERCAZOVB2ZZ7BC6764V73TJQV72ZPWILSQ
 .text          0x0000000000004ad0        0xc /home/johangarrido/ncs/nrfxlib/softdevice_controller/lib/cortex-m4/soft-float/libsoftdevice_controller_s132.a(libsoftdevice_controller_s132_debug_soft__obfuscated.elf)
                0x0000000000004ad0                sym_4UMPVHCMNEM5ENBBHCLGXZREGEKKHKHZOKNMH2I
 .text          0x0000000000004adc        0xc /home/johangarrido/ncs/nrfxlib/softdevice_controller/lib/cortex-m4/soft-float/libsoftdevice_controller_s132.a(libsoftdevice_controller_s132_debug_soft__obfuscated.elf)
                0x0000000000004adc                sym_IHWHOAENEU2EYZP2UWQTUC6SSXGS5NNQSIFSEAQ
 .text          0x0000000000004ae8        0xc /home/johangarrido/ncs/nrfxlib/softdevice_controller/lib/cortex-m4/soft-float/libsoftdevice_controller_s132.a(libsoftdevice_controller_s132_debug_soft__obfuscated.elf)
                0x0000000000004ae8                sym_Q3RLGT2MQM6S4H2ODVJHPDU44HGSYVXJV7676ZY
 .text          0x0000000000004af4       0x4c /home/johangarrido/ncs/nrfxlib/softdevice_controller/lib/cortex-m4/soft-float/libsoftdevice_controller_s132.a(libsoftdevice_controller_s132_debug_soft__obfuscated.elf)
                0x0000000000004af4                sym_Y7AVZMA56ZL7YUO4EH7QCTNH6P3ZXX2D4F33L2I
 .text          0x0000000000004b40       0x2c /home/johangarrido/ncs/nrfxlib/softdevice_controller/lib/cortex-m4/soft-float/libsoftdevice_controller_s132.a(libsoftdevice_controller_s132_debug_soft__obfuscated.elf)
                0x0000000000004b40                sym_ULQ236TSMK6UJATLJCXSX5JBKSVB4ZM2NNU74PA
 .text          0x0000000000004b6c        0xc /home/johangarrido/ncs/nrfxlib/softdevice_controller/lib/cortex-m4/soft-float/libsoftdevice_controller_s132.a(libsoftdevice_controller_s132_debug_soft__obfuscated.elf)
                0x0000000000004b6c                sym_4OWM6DBJ6JLAWH2MVU52MKC56VOOJLN34T33LQA
 .text          0x0000000000004b78      0x230 /home/johangarrido/ncs/nrfxlib/softdevice_controller/lib/cortex-m4/soft-float/libsoftdevice_controller_s132.a(libsoftdevice_controller_s132_debug_soft__obfuscated.elf)
                0x0000000000004b78                sym_SQINY6V2VHFAHM5HL3H753H3QE3VQ7FWHCIJ57Q
 .text          0x0000000000004da8      0x12c /home/johangarrido/ncs/nrfxlib/softdevice_controller/lib/cortex-m4/soft-float/libsoftdevice_controller_s132.a(libsoftdevice_controller_s132_debug_soft__obfuscated.elf)
                0x0000000000004da8                sym_P6ESEOOF3E3ZRYNBCJWJZXMT4EPJJMHF472YBMQ
 .text          0x0000000000004ed4       0x10 /home/johangarrido/ncs/nrfxlib/softdevice_controller/lib/cortex-m4/soft-float/libsoftdevice_controller_s132.a(libsoftdevice_controller_s132_debug_soft__obfuscated.elf)
                0x0000000000004ed4                sym_CZFK26FRDZ53FUV75DOIMFWVD4RTHYB6I22U4LA
 .text          0x0000000000004ee4       0x4c /home/johangarrido/ncs/nrfxlib/softdevice_controller/lib/cortex-m4/soft-float/libsoftdevice_controller_s132.a(libsoftdevice_controller_s132_debug_soft__obfuscated.elf)
                0x0000000000004ee4                sym_WCN6C6ROB2XGQKTGXN5OMY5TLRX5IYOWNO7A6PQ
 .text          0x0000000000004f30       0xa8 /home/johangarrido/ncs/nrfxlib/softdevice_controller/lib/cortex-m4/soft-float/libsoftdevice_controller_s132.a(libsoftdevice_controller_s132_debug_soft__obfuscated.elf)
 .text          0x0000000000004fd8      0x2b4 /home/johangarrido/ncs/nrfxlib/softdevice_controller/lib/cortex-m4/soft-float/libsoftdevice_controller_s132.a(libsoftdevice_controller_s132_debug_soft__obfuscated.elf)
 .text          0x000000000000528c       0xa4 /home/johangarrido/ncs/nrfxlib/softdevice_controller/lib/cortex-m4/soft-float/libsoftdevice_controller_s132.a(libsoftdevice_controller_s132_debug_soft__obfuscated.elf)
 .text          0x0000000000005330       0x78 /home/johangarrido/ncs/nrfxlib/softdevice_controller/lib/cortex-m4/soft-float/libsoftdevice_controller_s132.a(libsoftdevice_controller_s132_debug_soft__obfuscated.elf)
 .text          0x00000000000053a8       0x2c /home/johangarrido/ncs/nrfxlib/softdevice_controller/lib/cortex-m4/soft-float/libsoftdevice_controller_s132.a(libsoftdevice_controller_s132_debug_soft__obfuscated.elf)
 .text          0x00000000000053d4       0x14 /home/johangarrido/ncs/nrfxlib/softdevice_controller/lib/cortex-m4/soft-float/libsoftdevice_controller_s132.a(libsoftdevice_controller_s132_debug_soft__obfuscated.elf)
 .text          0x00000000000053e8      0x11c /home/johangarrido/ncs/nrfxlib/softdevice_controller/lib/cortex-m4/soft-float/libsoftdevice_controller_s132.a(libsoftdevice_controller_s132_debug_soft__obfuscated.elf)
 .text          0x0000000000005504      0x2cc /home/johangarrido/ncs/nrfxlib/softdevice_controller/lib/cortex-m4/soft-float/libsoftdevice_controller_s132.a(libsoftdevice_controller_s132_debug_soft__obfuscated.elf)
 .text          0x00000000000057d0       0x14 /home/johangarrido/ncs/nrfxlib/softdevice_controller/lib/cortex-m4/soft-float/libsoftdevice_controller_s132.a(libsoftdevice_controller_s132_debug_soft__obfuscated.elf)
 .text          0x00000000000057e4       0x28 /home/johangarrido/ncs/nrfxlib/softdevice_controller/lib/cortex-m4/soft-float/libsoftdevice_controller_s132.a(libsoftdevice_controller_s132_debug_soft__obfuscated.elf)
                0x00000000000057e4                sym_2X6ZBBHQKFJV27I6OQZLD4IRAL5JANEGA5N34WA
 .text          0x000000000000580c        0x8 /home/johangarrido/ncs/nrfxlib/softdevice_controller/lib/cortex-m4/soft-float/libsoftdevice_controller_s132.a(libsoftdevice_controller_s132_debug_soft__obfuscated.elf)
                0x000000000000580c                sym_3Q2UQ65DVTXA3EZPN34QXGGEFSEA6HOSHLFXCMI
 .text          0x0000000000005814       0x18 /home/johangarrido/ncs/nrfxlib/softdevice_controller/lib/cortex-m4/soft-float/libsoftdevice_controller_s132.a(libsoftdevice_controller_s132_debug_soft__obfuscated.elf)
                0x0000000000005814                sym_BAUTABQSJLBAZ6GNH7KOF4MJMAA6NF7CDAZNOEQ
 .text          0x000000000000582c       0x18 /home/johangarrido/ncs/nrfxlib/softdevice_controller/lib/cortex-m4/soft-float/libsoftdevice_controller_s132.a(libsoftdevice_controller_s132_debug_soft__obfuscated.elf)
                0x000000000000582c                sym_F2LWAH27IT4H2IA7TZWGNABUCWINGT6MWXH2WIA
 .text          0x0000000000005844       0x1c /home/johangarrido/ncs/nrfxlib/softdevice_controller/lib/cortex-m4/soft-float/libsoftdevice_controller_s132.a(libsoftdevice_controller_s132_debug_soft__obfuscated.elf)
                0x0000000000005844                sym_GV7ZEDU63KACGR6K3NXW7W7XARTADNTCQ3P2HLA
 .text          0x0000000000005860       0x88 /home/johangarrido/ncs/nrfxlib/softdevice_controller/lib/cortex-m4/soft-float/libsoftdevice_controller_s132.a(libsoftdevice_controller_s132_debug_soft__obfuscated.elf)
                0x0000000000005860                sym_3DXBFDJKO3IQEXOOHBMVXVTLDDG5FSS3TKAZNFY
 .text          0x00000000000058e8       0x18 /home/johangarrido/ncs/nrfxlib/softdevice_controller/lib/cortex-m4/soft-float/libsoftdevice_controller_s132.a(libsoftdevice_controller_s132_debug_soft__obfuscated.elf)
                0x00000000000058e8                sym_PLOW4TMGVQT52FP2ERNRL6S5EELE2YO563WRPJA
 .text          0x0000000000005900       0x34 /home/johangarrido/ncs/nrfxlib/softdevice_controller/lib/cortex-m4/soft-float/libsoftdevice_controller_s132.a(libsoftdevice_controller_s132_debug_soft__obfuscated.elf)
                0x0000000000005900                sym_62DUXM4M5AM4URNPP7IKDX3NCPAODBT4BMADGAY
 .text          0x0000000000005934        0xc /home/johangarrido/ncs/nrfxlib/softdevice_controller/lib/cortex-m4/soft-float/libsoftdevice_controller_s132.a(libsoftdevice_controller_s132_debug_soft__obfuscated.elf)
                0x0000000000005934                sym_R5RFYNEZN3LQHKUKJDN3JLSNHLY4DPKXW3KZMYA
 .text          0x0000000000005940        0xc /home/johangarrido/ncs/nrfxlib/softdevice_controller/lib/cortex-m4/soft-float/libsoftdevice_controller_s132.a(libsoftdevice_controller_s132_debug_soft__obfuscated.elf)
                0x0000000000005940                sym_WHSZ4VQHSDNZTVWJWAYGMNU7AWSUZKLKTBUNDPY
 .text          0x000000000000594c       0x34 /home/johangarrido/ncs/nrfxlib/softdevice_controller/lib/cortex-m4/soft-float/libsoftdevice_controller_s132.a(libsoftdevice_controller_s132_debug_soft__obfuscated.elf)
                0x000000000000594c                sym_YAOI5BW7G2C6EUUY2B4S7A3CWX63A6MP2T3O5KA
 .text          0x0000000000005980       0x24 /home/johangarrido/ncs/nrfxlib/softdevice_controller/lib/cortex-m4/soft-float/libsoftdevice_controller_s132.a(libsoftdevice_controller_s132_debug_soft__obfuscated.elf)
                0x0000000000005980                sym_IJTA37LCLZMYZVQ3I74HRUK4JDZEZR23VU3JFJI
 .text          0x00000000000059a4       0x3c /home/johangarrido/ncs/nrfxlib/softdevice_controller/lib/cortex-m4/soft-float/libsoftdevice_controller_s132.a(libsoftdevice_controller_s132_debug_soft__obfuscated.elf)
                0x00000000000059a4                sym_QW6JOH7RCJIC2YFNJEURX5QNB5EIQT646EHIWEA
 .text          0x00000000000059e0       0xcc /home/johangarrido/ncs/nrfxlib/softdevice_controller/lib/cortex-m4/soft-float/libsoftdevice_controller_s132.a(libsoftdevice_controller_s132_debug_soft__obfuscated.elf)
                0x00000000000059e0                sym_Z3745JZ5MC4MMBP2LFCOSP7OKPPVFDOPIURJWVQ
 .text          0x0000000000005aac      0x13c /home/johangarrido/ncs/nrfxlib/softdevice_controller/lib/cortex-m4/soft-float/libsoftdevice_controller_s132.a(libsoftdevice_controller_s132_debug_soft__obfuscated.elf)
                0x0000000000005aac                sym_FLX2PIIVHO3CLB5CJ7E7YSNFE2YWATNH27BL53A
 .text          0x0000000000005be8       0x40 /home/johangarrido/ncs/nrfxlib/softdevice_controller/lib/cortex-m4/soft-float/libsoftdevice_controller_s132.a(libsoftdevice_controller_s132_debug_soft__obfuscated.elf)
                0x0000000000005be8                sym_G6YVAU2J75AOT237PVQAC5AEQMWPZ6OKE6ASZAI
 .text          0x0000000000005c28        0xc /home/johangarrido/ncs/nrfxlib/softdevice_controller/lib/cortex-m4/soft-float/libsoftdevice_controller_s132.a(libsoftdevice_controller_s132_debug_soft__obfuscated.elf)
                0x0000000000005c28                sym_RHRHCWPUPZHCOID576WBS7QZ2KAUT2GASS2T3QY
 .text          0x0000000000005c34       0x1c /home/johangarrido/ncs/nrfxlib/softdevice_controller/lib/cortex-m4/soft-float/libsoftdevice_controller_s132.a(libsoftdevice_controller_s132_debug_soft__obfuscated.elf)
                0x0000000000005c34                sym_62B4NCI2CQZLPPINCQVCHO6SYLZVDAWVVCHWS3I
 .text          0x0000000000005c50       0x20 /home/johangarrido/ncs/nrfxlib/softdevice_controller/lib/cortex-m4/soft-float/libsoftdevice_controller_s132.a(libsoftdevice_controller_s132_debug_soft__obfuscated.elf)
                0x0000000000005c50                sym_QEQGMTIGG3AOZQY7JM4T2FY2O3KM2UFUMT6Q7PI
 .text          0x0000000000005c70       0x78 /home/johangarrido/ncs/nrfxlib/softdevice_controller/lib/cortex-m4/soft-float/libsoftdevice_controller_s132.a(libsoftdevice_controller_s132_debug_soft__obfuscated.elf)
                0x0000000000005c70                sym_GHVM34OXBYILMDKR3F5DVNCQCBMJUJL5PW2RQYQ
 .text          0x0000000000005ce8        0xc /home/johangarrido/ncs/nrfxlib/softdevice_controller/lib/cortex-m4/soft-float/libsoftdevice_controller_s132.a(libsoftdevice_controller_s132_debug_soft__obfuscated.elf)
                0x0000000000005ce8                sym_JQOBED6Y6P46KNYF2UD53QPDVNRPPOKMQL6EEBY
 .text          0x0000000000005cf4       0xb8 /home/johangarrido/ncs/nrfxlib/softdevice_controller/lib/cortex-m4/soft-float/libsoftdevice_controller_s132.a(libsoftdevice_controller_s132_debug_soft__obfuscated.elf)
                0x0000000000005cf4                sym_KO3VCNGABVWM4325342CFFPZBSXFKFARUCMURAY
 .text          0x0000000000005dac       0xa4 /home/johangarrido/ncs/nrfxlib/softdevice_controller/lib/cortex-m4/soft-float/libsoftdevice_controller_s132.a(libsoftdevice_controller_s132_debug_soft__obfuscated.elf)
                0x0000000000005dac                sym_NCQ5WTBCV7DGPK3QI3SSY5XGKOI2SE3XFCTKQKY
 .text          0x0000000000005e50       0x48 /home/johangarrido/ncs/nrfxlib/softdevice_controller/lib/cortex-m4/soft-float/libsoftdevice_controller_s132.a(libsoftdevice_controller_s132_debug_soft__obfuscated.elf)
 .text          0x0000000000005e98      0x12c /home/johangarrido/ncs/nrfxlib/softdevice_controller/lib/cortex-m4/soft-float/libsoftdevice_controller_s132.a(libsoftdevice_controller_s132_debug_soft__obfuscated.elf)
 .text          0x0000000000005fc4       0x9c /home/johangarrido/ncs/nrfxlib/softdevice_controller/lib/cortex-m4/soft-float/libsoftdevice_controller_s132.a(libsoftdevice_controller_s132_debug_soft__obfuscated.elf)
 .text          0x0000000000006060       0x82 /home/johangarrido/ncs/nrfxlib/softdevice_controller/lib/cortex-m4/soft-float/libsoftdevice_controller_s132.a(libsoftdevice_controller_s132_debug_soft__obfuscated.elf)
                0x0000000000006060                sym_L64WJ6W52HQBFQCTPO5LHELOWQEJNMIWLQKG6JY
 *fill*         0x00000000000060e2        0x2 
 .text          0x00000000000060e4      0x1e0 /home/johangarrido/ncs/nrfxlib/softdevice_controller/lib/cortex-m4/soft-float/libsoftdevice_controller_s132.a(libsoftdevice_controller_s132_debug_soft__obfuscated.elf)
                0x00000000000060e4                sym_LC3ZEWHKON2ISXS533OVI5553RH2RKHRICHPDVA
 .text          0x00000000000062c4      0x1b8 /home/johangarrido/ncs/nrfxlib/softdevice_controller/lib/cortex-m4/soft-float/libsoftdevice_controller_s132.a(libsoftdevice_controller_s132_debug_soft__obfuscated.elf)
                0x00000000000062c4                sym_4NT3PFFI5Z6RN57T2HW54HJZ23JEQUTUQPJLJGI
 .text          0x000000000000647c       0x34 /home/johangarrido/ncs/nrfxlib/softdevice_controller/lib/cortex-m4/soft-float/libsoftdevice_controller_s132.a(libsoftdevice_controller_s132_debug_soft__obfuscated.elf)
                0x000000000000647c                sym_C5MZWIO7BXLJIO65K7CGSHP3SLST2VORSHVBOVI
 .text          0x00000000000064b0       0x1c /home/johangarrido/ncs/nrfxlib/softdevice_controller/lib/cortex-m4/soft-float/libsoftdevice_controller_s132.a(libsoftdevice_controller_s132_debug_soft__obfuscated.elf)
                0x00000000000064b0                sym_HEY3ASR5MAPRZMQHCLX76ITJZYOQ2OWWQGFPKUQ
 .text          0x00000000000064cc       0x1c /home/johangarrido/ncs/nrfxlib/softdevice_controller/lib/cortex-m4/soft-float/libsoftdevice_controller_s132.a(libsoftdevice_controller_s132_debug_soft__obfuscated.elf)
                0x00000000000064cc                sym_ODIQTAIRDNRDYKCNA6G2YSI7F2EB2RNBBTF6MBQ
 .text          0x00000000000064e8       0x48 /home/johangarrido/ncs/nrfxlib/softdevice_controller/lib/cortex-m4/soft-float/libsoftdevice_controller_s132.a(libsoftdevice_controller_s132_debug_soft__obfuscated.elf)
                0x00000000000064e8                sym_35JWAFJL2IEYRDNORVIQ7BBAS7FQNUVOFCLQNSQ
 .text          0x0000000000006530       0x70 /home/johangarrido/ncs/nrfxlib/softdevice_controller/lib/cortex-m4/soft-float/libsoftdevice_controller_s132.a(libsoftdevice_controller_s132_debug_soft__obfuscated.elf)
 .text          0x00000000000065a0       0xbe /home/johangarrido/ncs/nrfxlib/softdevice_controller/lib/cortex-m4/soft-float/libsoftdevice_controller_s132.a(libsoftdevice_controller_s132_debug_soft__obfuscated.elf)
 *fill*         0x000000000000665e        0x2 
 .text          0x0000000000006660       0x20 /home/johangarrido/ncs/nrfxlib/softdevice_controller/lib/cortex-m4/soft-float/libsoftdevice_controller_s132.a(libsoftdevice_controller_s132_debug_soft__obfuscated.elf)
                0x0000000000006660                sym_AQNKAYNIT4GTGTVAKOZJZSWZBN4I6FFKO6L5AXA
 .text          0x0000000000006680       0x3c /home/johangarrido/ncs/nrfxlib/softdevice_controller/lib/cortex-m4/soft-float/libsoftdevice_controller_s132.a(libsoftdevice_controller_s132_debug_soft__obfuscated.elf)
                0x0000000000006680                sym_OIELJZXQUH4XDAK7XBXBJX4CE2IIXWLOTEZEOSI
 .text          0x00000000000066bc       0x28 /home/johangarrido/ncs/nrfxlib/softdevice_controller/lib/cortex-m4/soft-float/libsoftdevice_controller_s132.a(libsoftdevice_controller_s132_debug_soft__obfuscated.elf)
                0x00000000000066bc                sym_ASSU5HSD7LU7BXC2C2QNNVLB6AOHO4SQ3KK3OJY
 .text          0x00000000000066e4      0x148 /home/johangarrido/ncs/nrfxlib/softdevice_controller/lib/cortex-m4/soft-float/libsoftdevice_controller_s132.a(libsoftdevice_controller_s132_debug_soft__obfuscated.elf)
                0x00000000000066e4                sym_2NLJY3RIUYXQOZYTZ6WNJA5SS4UKGFLVECP5SQA
 .text          0x000000000000682c       0x60 /home/johangarrido/ncs/nrfxlib/softdevice_controller/lib/cortex-m4/soft-float/libsoftdevice_controller_s132.a(libsoftdevice_controller_s132_debug_soft__obfuscated.elf)
                0x000000000000682c                sym_ADAOR2PXB5YPMJS5MYFIWVIQAXMEM4PRXEVX3JI
 .text          0x000000000000688c      0x1a8 /home/johangarrido/ncs/nrfxlib/softdevice_controller/lib/cortex-m4/soft-float/libsoftdevice_controller_s132.a(libsoftdevice_controller_s132_debug_soft__obfuscated.elf)
                0x000000000000688c                sym_FTGDIHB35XVITI7QRBPNULMZCYC2B7JJ7JXVWYA
 .text          0x0000000000006a34      0x168 /home/johangarrido/ncs/nrfxlib/softdevice_controller/lib/cortex-m4/soft-float/libsoftdevice_controller_s132.a(libsoftdevice_controller_s132_debug_soft__obfuscated.elf)
                0x0000000000006a34                sym_BBCGHL23UJV466BYW2SHQ2OBUQH4NLFTPMY4GQA
 .text          0x0000000000006b9c       0x38 /home/johangarrido/ncs/nrfxlib/softdevice_controller/lib/cortex-m4/soft-float/libsoftdevice_controller_s132.a(libsoftdevice_controller_s132_debug_soft__obfuscated.elf)
                0x0000000000006b9c                sym_ZUFGUNQKQRINYDDQ2AFT3BJLR3IFVV6WJFPT3PA
 .text          0x0000000000006bd4       0xcc /home/johangarrido/ncs/nrfxlib/softdevice_controller/lib/cortex-m4/soft-float/libsoftdevice_controller_s132.a(libsoftdevice_controller_s132_debug_soft__obfuscated.elf)
 .text          0x0000000000006ca0      0x194 /home/johangarrido/ncs/nrfxlib/softdevice_controller/lib/cortex-m4/soft-float/libsoftdevice_controller_s132.a(libsoftdevice_controller_s132_debug_soft__obfuscated.elf)
 .text          0x0000000000006e34       0x54 /home/johangarrido/ncs/nrfxlib/softdevice_controller/lib/cortex-m4/soft-float/libsoftdevice_controller_s132.a(libsoftdevice_controller_s132_debug_soft__obfuscated.elf)
                0x0000000000006e34                sym_NFQK2HO6DBYRYVUCFLRI766EKAAKCM57FJRRS5Y
 .text          0x0000000000006e88      0x180 /home/johangarrido/ncs/nrfxlib/softdevice_controller/lib/cortex-m4/soft-float/libsoftdevice_controller_s132.a(libsoftdevice_controller_s132_debug_soft__obfuscated.elf)
                0x0000000000006e88                sym_JIJASGQH4XEEPZL7D35VQHVPKKLANGDBS2M46NQ
 .text          0x0000000000007008       0x18 /home/johangarrido/ncs/nrfxlib/softdevice_controller/lib/cortex-m4/soft-float/libsoftdevice_controller_s132.a(libsoftdevice_controller_s132_debug_soft__obfuscated.elf)
                0x0000000000007008                sym_LH2VB7IMRXMGTCCJDOMH7JXYZ5MZLQ2OSANOJDA
 .text          0x0000000000007020       0x34 /home/johangarrido/ncs/nrfxlib/softdevice_controller/lib/cortex-m4/soft-float/libsoftdevice_controller_s132.a(libsoftdevice_controller_s132_debug_soft__obfuscated.elf)
                0x0000000000007020                sym_U7WTPI24N35WTMGPC25KDS7Q3PHHHS7M5KI6IPY
 .text          0x0000000000007054      0x114 /home/johangarrido/ncs/nrfxlib/softdevice_controller/lib/cortex-m4/soft-float/libsoftdevice_controller_s132.a(libsoftdevice_controller_s132_debug_soft__obfuscated.elf)
                0x0000000000007054                sym_J4NWMRMCG7RYO342PTMJRJ2HQEKT7SCETMBVQDA
 .text          0x0000000000007168        0xc /home/johangarrido/ncs/nrfxlib/softdevice_controller/lib/cortex-m4/soft-float/libsoftdevice_controller_s132.a(libsoftdevice_controller_s132_debug_soft__obfuscated.elf)
                0x0000000000007168                sym_RYQA5YFFRJZLTYB2ISC2Y3WUY3XB3LBBL37F22Q
 .text          0x0000000000007174       0x44 /home/johangarrido/ncs/nrfxlib/softdevice_controller/lib/cortex-m4/soft-float/libsoftdevice_controller_s132.a(libsoftdevice_controller_s132_debug_soft__obfuscated.elf)
                0x0000000000007174                sym_GNUIHYMK3THJZQYGL7BBI74HDMHN6SBQQRVNSAY
 .text          0x00000000000071b8       0x3c /home/johangarrido/ncs/nrfxlib/softdevice_controller/lib/cortex-m4/soft-float/libsoftdevice_controller_s132.a(libsoftdevice_controller_s132_debug_soft__obfuscated.elf)
                0x00000000000071b8                sym_3NMQXTBVJ27TN5IIVET3BSKEAUONNKTPZTYP2HY
 .text          0x00000000000071f4       0x18 /home/johangarrido/ncs/nrfxlib/softdevice_controller/lib/cortex-m4/soft-float/libsoftdevice_controller_s132.a(libsoftdevice_controller_s132_debug_soft__obfuscated.elf)
                0x00000000000071f4                sym_DG6VHZEFRVR44ESTRZM42ZEBJG4KXT7IVJESA4Y
 .text          0x000000000000720c      0x160 /home/johangarrido/ncs/nrfxlib/softdevice_controller/lib/cortex-m4/soft-float/libsoftdevice_controller_s132.a(libsoftdevice_controller_s132_debug_soft__obfuscated.elf)
                0x000000000000720c                sym_L2IWXNCKXJIQJRTEIIW7HGFEPJAQM34TKD2GOIA
 .text          0x000000000000736c       0x7c /home/johangarrido/ncs/nrfxlib/softdevice_controller/lib/cortex-m4/soft-float/libsoftdevice_controller_s132.a(libsoftdevice_controller_s132_debug_soft__obfuscated.elf)
                0x000000000000736c                sym_KC3JIKE7HTERE3Q3BXMRUIDPAENUZKVBIDO6ODY
 .text          0x00000000000073e8       0x24 /home/johangarrido/ncs/nrfxlib/softdevice_controller/lib/cortex-m4/soft-float/libsoftdevice_controller_s132.a(libsoftdevice_controller_s132_debug_soft__obfuscated.elf)
                0x00000000000073e8                sym_JWG2K5Z2IDS7IGZ34EUMCNHIOV34425FH263YQQ
 .text          0x000000000000740c       0x24 /home/johangarrido/ncs/nrfxlib/softdevice_controller/lib/cortex-m4/soft-float/libsoftdevice_controller_s132.a(libsoftdevice_controller_s132_debug_soft__obfuscated.elf)
                0x000000000000740c                sym_M7OTIJAFMGS6XNOB3KIKP2PSIWVW5IRGENKBGTA
 .text          0x0000000000007430       0x10 /home/johangarrido/ncs/nrfxlib/softdevice_controller/lib/cortex-m4/soft-float/libsoftdevice_controller_s132.a(libsoftdevice_controller_s132_debug_soft__obfuscated.elf)
                0x0000000000007430                sym_TPWVJBQKX2TXZDZ4IZ6XDJYVEDFBPIX3TMZMRCQ
 .text          0x0000000000007440       0x10 /home/johangarrido/ncs/nrfxlib/softdevice_controller/lib/cortex-m4/soft-float/libsoftdevice_controller_s132.a(libsoftdevice_controller_s132_debug_soft__obfuscated.elf)
                0x0000000000007440                sym_UEZ3FVWFJ5XVLQBVVAHW7UTXVCC77F7ZYGOMLTQ
 .text          0x0000000000007450       0x14 /home/johangarrido/ncs/nrfxlib/softdevice_controller/lib/cortex-m4/soft-float/libsoftdevice_controller_s132.a(libsoftdevice_controller_s132_debug_soft__obfuscated.elf)
                0x0000000000007450                sym_4BHBBQGG3Z4AATH4MTZL2WFYY6WPEFHF75U64WQ
 .text          0x0000000000007464       0x10 /home/johangarrido/ncs/nrfxlib/softdevice_controller/lib/cortex-m4/soft-float/libsoftdevice_controller_s132.a(libsoftdevice_controller_s132_debug_soft__obfuscated.elf)
                0x0000000000007464                sym_XRU76NANM3C4EMKWQU3DF6CELSRNDV6766IKPJI
 .text          0x0000000000007474       0x10 /home/johangarrido/ncs/nrfxlib/softdevice_controller/lib/cortex-m4/soft-float/libsoftdevice_controller_s132.a(libsoftdevice_controller_s132_debug_soft__obfuscated.elf)
                0x0000000000007474                sym_BDDELQSYWHVCCHSF6HGFFAORZOC56R54KIF45KY
 .text          0x0000000000007484       0x10 /home/johangarrido/ncs/nrfxlib/softdevice_controller/lib/cortex-m4/soft-float/libsoftdevice_controller_s132.a(libsoftdevice_controller_s132_debug_soft__obfuscated.elf)
                0x0000000000007484                sym_NGJGZTNK6YIH3QX2NKB6A6MT7N5AOKWA6ZOOANQ
 .text          0x0000000000007494       0x10 /home/johangarrido/ncs/nrfxlib/softdevice_controller/lib/cortex-m4/soft-float/libsoftdevice_controller_s132.a(libsoftdevice_controller_s132_debug_soft__obfuscated.elf)
                0x0000000000007494                sym_BPVIPCP3IMFHHNRASYWRUQPTOXIXQGWP3DTKXWI
 .text          0x00000000000074a4        0xc /home/johangarrido/ncs/nrfxlib/softdevice_controller/lib/cortex-m4/soft-float/libsoftdevice_controller_s132.a(libsoftdevice_controller_s132_debug_soft__obfuscated.elf)
                0x00000000000074a4                sym_L5UCRJFFWEVVII5IYG6PAKIQHXM34B62KO6ERPY
 .text          0x00000000000074b0       0x14 /home/johangarrido/ncs/nrfxlib/softdevice_controller/lib/cortex-m4/soft-float/libsoftdevice_controller_s132.a(libsoftdevice_controller_s132_debug_soft__obfuscated.elf)
                0x00000000000074b0                sym_WGJLFS2PDN6RZG7JWUITZ3W5MGJYYXFXIKI3GGQ
 .text          0x00000000000074c4        0xc /home/johangarrido/ncs/nrfxlib/softdevice_controller/lib/cortex-m4/soft-float/libsoftdevice_controller_s132.a(libsoftdevice_controller_s132_debug_soft__obfuscated.elf)
                0x00000000000074c4                sym_PY5KUATPBYOYJBMP6H7AVRPSEO7BZX2JK524O6A
 .text          0x00000000000074d0       0x64 /home/johangarrido/ncs/nrfxlib/softdevice_controller/lib/cortex-m4/soft-float/libsoftdevice_controller_s132.a(libsoftdevice_controller_s132_debug_soft__obfuscated.elf)
                0x00000000000074d0                sym_4WIY2RAFLOZNOS4O5BEVWEYHIO3NV42IZ2Q2NWQ
 .text          0x0000000000007534        0xc /home/johangarrido/ncs/nrfxlib/softdevice_controller/lib/cortex-m4/soft-float/libsoftdevice_controller_s132.a(libsoftdevice_controller_s132_debug_soft__obfuscated.elf)
                0x0000000000007534                sym_2T6B57C7Z3NDT5ASKUJUGCCL3DBEO2AO4XX23BI
 .text          0x0000000000007540        0xc /home/johangarrido/ncs/nrfxlib/softdevice_controller/lib/cortex-m4/soft-float/libsoftdevice_controller_s132.a(libsoftdevice_controller_s132_debug_soft__obfuscated.elf)
                0x0000000000007540                sym_4HDCBJCT2JOHNORERPDEH2A3V47FOX6NCTAKLUA
 .text          0x000000000000754c        0xc /home/johangarrido/ncs/nrfxlib/softdevice_controller/lib/cortex-m4/soft-float/libsoftdevice_controller_s132.a(libsoftdevice_controller_s132_debug_soft__obfuscated.elf)
                0x000000000000754c                sym_4FKJZF4AXR7RHM7IPPZMVUWU7W6MFHLX726TPNY
 .text          0x0000000000007558       0x1c /home/johangarrido/ncs/nrfxlib/softdevice_controller/lib/cortex-m4/soft-float/libsoftdevice_controller_s132.a(libsoftdevice_controller_s132_debug_soft__obfuscated.elf)
                0x0000000000007558                sym_DZ4VHVOVANVDVX7ECCNFNRACUFPY2WIUPGGZ27Y
 .text          0x0000000000007574       0x1c /home/johangarrido/ncs/nrfxlib/softdevice_controller/lib/cortex-m4/soft-float/libsoftdevice_controller_s132.a(libsoftdevice_controller_s132_debug_soft__obfuscated.elf)
                0x0000000000007574                sym_VD45NAZNLOGGVVD5JTOGXKZNINHWZNPETQGEFXA
 .text          0x0000000000007590       0x1c /home/johangarrido/ncs/nrfxlib/softdevice_controller/lib/cortex-m4/soft-float/libsoftdevice_controller_s132.a(libsoftdevice_controller_s132_debug_soft__obfuscated.elf)
                0x0000000000007590                sym_ID5SI2L6AD3KMSDR72YSJZGVIA6DEYQZU7WJI3I
 .text          0x00000000000075ac        0xc /home/johangarrido/ncs/nrfxlib/softdevice_controller/lib/cortex-m4/soft-float/libsoftdevice_controller_s132.a(libsoftdevice_controller_s132_debug_soft__obfuscated.elf)
                0x00000000000075ac                sym_WAXMY55QAGCTLTIDQV34FPT2PPSDRT5VDN7EYYY
 .text          0x00000000000075b8       0x20 /home/johangarrido/ncs/nrfxlib/softdevice_controller/lib/cortex-m4/soft-float/libsoftdevice_controller_s132.a(libsoftdevice_controller_s132_debug_soft__obfuscated.elf)
                0x00000000000075b8                sym_I72BLVRK23UDT6KM4GEW6EVDLN4L7QB2CLD4CMY
 .text          0x00000000000075d8       0x4c /home/johangarrido/ncs/nrfxlib/softdevice_controller/lib/cortex-m4/soft-float/libsoftdevice_controller_s132.a(libsoftdevice_controller_s132_debug_soft__obfuscated.elf)
                0x00000000000075d8                sym_RPDYS5TXULS3Z2BQR7IFNSOINXPPN4LN764SRIY
 .text          0x0000000000007624       0x10 /home/johangarrido/ncs/nrfxlib/softdevice_controller/lib/cortex-m4/soft-float/libsoftdevice_controller_s132.a(libsoftdevice_controller_s132_debug_soft__obfuscated.elf)
                0x0000000000007624                sym_H6NC6L6VJY74V6C72Y6E5P4HGSZIVJQXMUOQZ5Y
 .text          0x0000000000007634      0x1b0 /home/johangarrido/ncs/nrfxlib/softdevice_controller/lib/cortex-m4/soft-float/libsoftdevice_controller_s132.a(libsoftdevice_controller_s132_debug_soft__obfuscated.elf)
 .text          0x00000000000077e4      0x108 /home/johangarrido/ncs/nrfxlib/softdevice_controller/lib/cortex-m4/soft-float/libsoftdevice_controller_s132.a(libsoftdevice_controller_s132_debug_soft__obfuscated.elf)
 .text          0x00000000000078ec       0xfc /home/johangarrido/ncs/nrfxlib/softdevice_controller/lib/cortex-m4/soft-float/libsoftdevice_controller_s132.a(libsoftdevice_controller_s132_debug_soft__obfuscated.elf)
 .text          0x00000000000079e8       0x3c /home/johangarrido/ncs/nrfxlib/softdevice_controller/lib/cortex-m4/soft-float/libsoftdevice_controller_s132.a(libsoftdevice_controller_s132_debug_soft__obfuscated.elf)
 .text          0x0000000000007a24       0x74 /home/johangarrido/ncs/nrfxlib/softdevice_controller/lib/cortex-m4/soft-float/libsoftdevice_controller_s132.a(libsoftdevice_controller_s132_debug_soft__obfuscated.elf)
 .text          0x0000000000007a98       0x88 /home/johangarrido/ncs/nrfxlib/softdevice_controller/lib/cortex-m4/soft-float/libsoftdevice_controller_s132.a(libsoftdevice_controller_s132_debug_soft__obfuscated.elf)
 .text          0x0000000000007b20      0x2a8 /home/johangarrido/ncs/nrfxlib/softdevice_controller/lib/cortex-m4/soft-float/libsoftdevice_controller_s132.a(libsoftdevice_controller_s132_debug_soft__obfuscated.elf)
                0x0000000000007b20                sym_KBJ4SX4MJK4IAM4DI3ILSISVXIP6O72O62TW3OQ
 .text          0x0000000000007dc8       0x78 /home/johangarrido/ncs/nrfxlib/softdevice_controller/lib/cortex-m4/soft-float/libsoftdevice_controller_s132.a(libsoftdevice_controller_s132_debug_soft__obfuscated.elf)
 .text          0x0000000000007e40       0x74 /home/johangarrido/ncs/nrfxlib/softdevice_controller/lib/cortex-m4/soft-float/libsoftdevice_controller_s132.a(libsoftdevice_controller_s132_debug_soft__obfuscated.elf)
 .text          0x0000000000007eb4      0x120 /home/johangarrido/ncs/nrfxlib/softdevice_controller/lib/cortex-m4/soft-float/libsoftdevice_controller_s132.a(libsoftdevice_controller_s132_debug_soft__obfuscated.elf)
 .text          0x0000000000007fd4      0x33c /home/johangarrido/ncs/nrfxlib/softdevice_controller/lib/cortex-m4/soft-float/libsoftdevice_controller_s132.a(libsoftdevice_controller_s132_debug_soft__obfuscated.elf)
 .text          0x0000000000008310       0x7c /home/johangarrido/ncs/nrfxlib/softdevice_controller/lib/cortex-m4/soft-float/libsoftdevice_controller_s132.a(libsoftdevice_controller_s132_debug_soft__obfuscated.elf)
 .text          0x000000000000838c       0xf8 /home/johangarrido/ncs/nrfxlib/softdevice_controller/lib/cortex-m4/soft-float/libsoftdevice_controller_s132.a(libsoftdevice_controller_s132_debug_soft__obfuscated.elf)
 .text          0x0000000000008484      0x15c /home/johangarrido/ncs/nrfxlib/softdevice_controller/lib/cortex-m4/soft-float/libsoftdevice_controller_s132.a(libsoftdevice_controller_s132_debug_soft__obfuscated.elf)
 .text          0x00000000000085e0       0xf8 /home/johangarrido/ncs/nrfxlib/softdevice_controller/lib/cortex-m4/soft-float/libsoftdevice_controller_s132.a(libsoftdevice_controller_s132_debug_soft__obfuscated.elf)
 .text          0x00000000000086d8       0x20 /home/johangarrido/ncs/nrfxlib/softdevice_controller/lib/cortex-m4/soft-float/libsoftdevice_controller_s132.a(libsoftdevice_controller_s132_debug_soft__obfuscated.elf)
 .text          0x00000000000086f8        0x4 /home/johangarrido/ncs/nrfxlib/softdevice_controller/lib/cortex-m4/soft-float/libsoftdevice_controller_s132.a(libsoftdevice_controller_s132_debug_soft__obfuscated.elf)
 .text          0x00000000000086fc        0x8 /home/johangarrido/ncs/nrfxlib/softdevice_controller/lib/cortex-m4/soft-float/libsoftdevice_controller_s132.a(libsoftdevice_controller_s132_debug_soft__obfuscated.elf)
 .text          0x0000000000008704        0x4 /home/johangarrido/ncs/nrfxlib/softdevice_controller/lib/cortex-m4/soft-float/libsoftdevice_controller_s132.a(libsoftdevice_controller_s132_debug_soft__obfuscated.elf)
 .text          0x0000000000008708       0x18 /home/johangarrido/ncs/nrfxlib/softdevice_controller/lib/cortex-m4/soft-float/libsoftdevice_controller_s132.a(libsoftdevice_controller_s132_debug_soft__obfuscated.elf)
 .text          0x0000000000008720       0x4c /home/johangarrido/ncs/nrfxlib/softdevice_controller/lib/cortex-m4/soft-float/libsoftdevice_controller_s132.a(libsoftdevice_controller_s132_debug_soft__obfuscated.elf)
                0x0000000000008720                sym_6FVWF5AWPR7EN7BPHS4APSIUXYFZQTTZCMRDKPY
 .text          0x000000000000876c       0x64 /home/johangarrido/ncs/nrfxlib/softdevice_controller/lib/cortex-m4/soft-float/libsoftdevice_controller_s132.a(libsoftdevice_controller_s132_debug_soft__obfuscated.elf)
                0x000000000000876c                sym_CWVFJQ3UTS5MGUYKHB563UDBBB3FBCXUIVZDU2I
 .text          0x00000000000087d0       0x70 /home/johangarrido/ncs/nrfxlib/softdevice_controller/lib/cortex-m4/soft-float/libsoftdevice_controller_s132.a(libsoftdevice_controller_s132_debug_soft__obfuscated.elf)
                0x00000000000087d0                sym_3ZNIOFG7XMX7YS4WHN4QVNG3AVWN2QVSTHUWDXQ
 .text          0x0000000000008840       0xa0 /home/johangarrido/ncs/nrfxlib/softdevice_controller/lib/cortex-m4/soft-float/libsoftdevice_controller_s132.a(libsoftdevice_controller_s132_debug_soft__obfuscated.elf)
                0x0000000000008840                sym_FY3JF6XBXLAG22E42UPFUU55A3QFAFZDUGSPAPY
 .text          0x00000000000088e0      0x130 /home/johangarrido/ncs/nrfxlib/softdevice_controller/lib/cortex-m4/soft-float/libsoftdevice_controller_s132.a(libsoftdevice_controller_s132_debug_soft__obfuscated.elf)
                0x00000000000088e0                sym_5AXOP4FMWSDQG27BL6BIS5GAVXQZMPGL37SAGQA
 .text          0x0000000000008a10       0x4c /home/johangarrido/ncs/nrfxlib/softdevice_controller/lib/cortex-m4/soft-float/libsoftdevice_controller_s132.a(libsoftdevice_controller_s132_debug_soft__obfuscated.elf)
                0x0000000000008a10                sym_IWCITVPPUY332JRWMVJAKISCC47TLWX26E2MXOI
 .text          0x0000000000008a5c        0xc /home/johangarrido/ncs/nrfxlib/softdevice_controller/lib/cortex-m4/soft-float/libsoftdevice_controller_s132.a(libsoftdevice_controller_s132_debug_soft__obfuscated.elf)
                0x0000000000008a5c                sym_WI2RDLNIWKOV64CKFZ2EF2DRND265I3CYCBNK6A
 .text          0x0000000000008a68       0x10 /home/johangarrido/ncs/nrfxlib/softdevice_controller/lib/cortex-m4/soft-float/libsoftdevice_controller_s132.a(libsoftdevice_controller_s132_debug_soft__obfuscated.elf)
                0x0000000000008a68                sym_GWLFBYMUVMRXAWJAYXMEGM7D57QYGUJF3J77TCA
 .text          0x0000000000008a78       0x24 /home/johangarrido/ncs/nrfxlib/softdevice_controller/lib/cortex-m4/soft-float/libsoftdevice_controller_s132.a(libsoftdevice_controller_s132_debug_soft__obfuscated.elf)
                0x0000000000008a78                sym_2MTQAETLPZUE4ZJFGJBDUADTDDEDQL67CNLDYRY
 .text          0x0000000000008a9c      0x104 /home/johangarrido/ncs/nrfxlib/softdevice_controller/lib/cortex-m4/soft-float/libsoftdevice_controller_s132.a(libsoftdevice_controller_s132_debug_soft__obfuscated.elf)
                0x0000000000008a9c                sym_6PZGCXLPPNIPYHSAJRHQXJCKUI2SGZWI2B4DQZA
 .text          0x0000000000008ba0       0x20 /home/johangarrido/ncs/nrfxlib/softdevice_controller/lib/cortex-m4/soft-float/libsoftdevice_controller_s132.a(libsoftdevice_controller_s132_debug_soft__obfuscated.elf)
                0x0000000000008ba0                sym_6LWBEVS5N6UBFJ6K5O4DUS3F7KTJBABC35DWXIY
 .text          0x0000000000008bc0       0x1c /home/johangarrido/ncs/nrfxlib/softdevice_controller/lib/cortex-m4/soft-float/libsoftdevice_controller_s132.a(libsoftdevice_controller_s132_debug_soft__obfuscated.elf)
                0x0000000000008bc0                sym_7XLJMDJLN3HFZ62N4AZADQFCXDQ5POE6FAL5P2Q
 .text          0x0000000000008bdc        0xc /home/johangarrido/ncs/nrfxlib/softdevice_controller/lib/cortex-m4/soft-float/libsoftdevice_controller_s132.a(libsoftdevice_controller_s132_debug_soft__obfuscated.elf)
                0x0000000000008bdc                sym_24SKLESBEZEAQ7XSDAQVJQD35IVFROKORCGBXPI
 .text          0x0000000000008be8        0xc /home/johangarrido/ncs/nrfxlib/softdevice_controller/lib/cortex-m4/soft-float/libsoftdevice_controller_s132.a(libsoftdevice_controller_s132_debug_soft__obfuscated.elf)
                0x0000000000008be8                sym_WMA2OWGJYGOIIQV6R2LKF37IWYQHWWBT5LUJG6A
 .text          0x0000000000008bf4       0x1c /home/johangarrido/ncs/nrfxlib/softdevice_controller/lib/cortex-m4/soft-float/libsoftdevice_controller_s132.a(libsoftdevice_controller_s132_debug_soft__obfuscated.elf)
                0x0000000000008bf4                sym_2XQD73Z3W4NFFHWTLZCIS7IQ3ACFNR3KKEBKCJQ
 .text          0x0000000000008c10       0x58 /home/johangarrido/ncs/nrfxlib/softdevice_controller/lib/cortex-m4/soft-float/libsoftdevice_controller_s132.a(libsoftdevice_controller_s132_debug_soft__obfuscated.elf)
                0x0000000000008c10                sym_FQCHK2QLF7THGK7G4A4OWWNXI3K2TVYTTB4U4GY
 .text          0x0000000000008c68      0x1b0 /home/johangarrido/ncs/nrfxlib/softdevice_controller/lib/cortex-m4/soft-float/libsoftdevice_controller_s132.a(libsoftdevice_controller_s132_debug_soft__obfuscated.elf)
                0x0000000000008c68                sym_EXAZKO22MNOFNIXIFHQ2Z4GAYMKBCE2UPJ6JSVI
 .text          0x0000000000008e18       0xa0 /home/johangarrido/ncs/nrfxlib/softdevice_controller/lib/cortex-m4/soft-float/libsoftdevice_controller_s132.a(libsoftdevice_controller_s132_debug_soft__obfuscated.elf)
 .text          0x0000000000008eb8      0x664 /home/johangarrido/ncs/nrfxlib/softdevice_controller/lib/cortex-m4/soft-float/libsoftdevice_controller_s132.a(libsoftdevice_controller_s132_debug_soft__obfuscated.elf)
 .text          0x000000000000951c      0x446 /home/johangarrido/ncs/nrfxlib/softdevice_controller/lib/cortex-m4/soft-float/libsoftdevice_controller_s132.a(libsoftdevice_controller_s132_debug_soft__obfuscated.elf)
 *fill*         0x0000000000009962        0x2 
 .text          0x0000000000009964       0x68 /home/johangarrido/ncs/nrfxlib/softdevice_controller/lib/cortex-m4/soft-float/libsoftdevice_controller_s132.a(libsoftdevice_controller_s132_debug_soft__obfuscated.elf)
                0x0000000000009964                sym_HT64RIVISXSWFJE3LL26YHKQRTRRXKVEDBUUUOQ
 .text          0x00000000000099cc       0x10 /home/johangarrido/ncs/nrfxlib/softdevice_controller/lib/cortex-m4/soft-float/libsoftdevice_controller_s132.a(libsoftdevice_controller_s132_debug_soft__obfuscated.elf)
                0x00000000000099cc                sym_UFX5YQMS76OVX4LZ7T6GRG5R56NF5732ZNTZZJA
 .text          0x00000000000099dc       0x30 /home/johangarrido/ncs/nrfxlib/softdevice_controller/lib/cortex-m4/soft-float/libsoftdevice_controller_s132.a(libsoftdevice_controller_s132_debug_soft__obfuscated.elf)
                0x00000000000099dc                sym_OGXWMXSCK2QG6TOSCWHHS4PII24VSXWVJJIPCDI
 .text          0x0000000000009a0c       0xe8 /home/johangarrido/ncs/nrfxlib/softdevice_controller/lib/cortex-m4/soft-float/libsoftdevice_controller_s132.a(libsoftdevice_controller_s132_debug_soft__obfuscated.elf)
                0x0000000000009a0c                sym_FIYSAC63N2FF462LEI76F5US34JKFTAQDSI2LXA
 .text          0x0000000000009af4       0x30 /home/johangarrido/ncs/nrfxlib/softdevice_controller/lib/cortex-m4/soft-float/libsoftdevice_controller_s132.a(libsoftdevice_controller_s132_debug_soft__obfuscated.elf)
                0x0000000000009af4                sym_B2B7AU2WDMX5JQNGTX4YKNCWQCXQIG5PWSSOSAI
 .text          0x0000000000009b24      0x35c /home/johangarrido/ncs/nrfxlib/softdevice_controller/lib/cortex-m4/soft-float/libsoftdevice_controller_s132.a(libsoftdevice_controller_s132_debug_soft__obfuscated.elf)
                0x0000000000009b24                sym_GRKUQI62F6CK2HPCZKZRWSZ3PZVCGXTWPZAIMJA
 .text          0x0000000000009e80       0x10 /home/johangarrido/ncs/nrfxlib/softdevice_controller/lib/cortex-m4/soft-float/libsoftdevice_controller_s132.a(libsoftdevice_controller_s132_debug_soft__obfuscated.elf)
                0x0000000000009e80                sym_OTZAOT4DEZSL3R4MXRNUS2BIBKPPCOEO2SMZYAI
 .text          0x0000000000009e90       0x1c /home/johangarrido/ncs/nrfxlib/softdevice_controller/lib/cortex-m4/soft-float/libsoftdevice_controller_s132.a(libsoftdevice_controller_s132_debug_soft__obfuscated.elf)
                0x0000000000009e90                sym_RUQGL7Y7CEVCWXKLY62UGVRWLQYUPKUGTSH7NVY
 .text          0x0000000000009eac       0x3c /home/johangarrido/ncs/nrfxlib/softdevice_controller/lib/cortex-m4/soft-float/libsoftdevice_controller_s132.a(libsoftdevice_controller_s132_debug_soft__obfuscated.elf)
 .text          0x0000000000009ee8      0x452 /home/johangarrido/ncs/nrfxlib/softdevice_controller/lib/cortex-m4/soft-float/libsoftdevice_controller_s132.a(libsoftdevice_controller_s132_debug_soft__obfuscated.elf)
 *fill*         0x000000000000a33a        0x2 
 .text          0x000000000000a33c      0x1c4 /home/johangarrido/ncs/nrfxlib/softdevice_controller/lib/cortex-m4/soft-float/libsoftdevice_controller_s132.a(libsoftdevice_controller_s132_debug_soft__obfuscated.elf)
 .text          0x000000000000a500      0x7bc /home/johangarrido/ncs/nrfxlib/softdevice_controller/lib/cortex-m4/soft-float/libsoftdevice_controller_s132.a(libsoftdevice_controller_s132_debug_soft__obfuscated.elf)
 .text          0x000000000000acbc       0x38 /home/johangarrido/ncs/nrfxlib/softdevice_controller/lib/cortex-m4/soft-float/libsoftdevice_controller_s132.a(libsoftdevice_controller_s132_debug_soft__obfuscated.elf)
 .text          0x000000000000acf4       0xb4 /home/johangarrido/ncs/nrfxlib/softdevice_controller/lib/cortex-m4/soft-float/libsoftdevice_controller_s132.a(libsoftdevice_controller_s132_debug_soft__obfuscated.elf)
 .text          0x000000000000ada8       0x5c /home/johangarrido/ncs/nrfxlib/softdevice_controller/lib/cortex-m4/soft-float/libsoftdevice_controller_s132.a(libsoftdevice_controller_s132_debug_soft__obfuscated.elf)
 .text          0x000000000000ae04       0x64 /home/johangarrido/ncs/nrfxlib/softdevice_controller/lib/cortex-m4/soft-float/libsoftdevice_controller_s132.a(libsoftdevice_controller_s132_debug_soft__obfuscated.elf)
 .text          0x000000000000ae68       0xbc /home/johangarrido/ncs/nrfxlib/softdevice_controller/lib/cortex-m4/soft-float/libsoftdevice_controller_s132.a(libsoftdevice_controller_s132_debug_soft__obfuscated.elf)
 .text          0x000000000000af24       0xac /home/johangarrido/ncs/nrfxlib/softdevice_controller/lib/cortex-m4/soft-float/libsoftdevice_controller_s132.a(libsoftdevice_controller_s132_debug_soft__obfuscated.elf)
 .text          0x000000000000afd0       0x6c /home/johangarrido/ncs/nrfxlib/softdevice_controller/lib/cortex-m4/soft-float/libsoftdevice_controller_s132.a(libsoftdevice_controller_s132_debug_soft__obfuscated.elf)
 .text          0x000000000000b03c       0x3c /home/johangarrido/ncs/nrfxlib/softdevice_controller/lib/cortex-m4/soft-float/libsoftdevice_controller_s132.a(libsoftdevice_controller_s132_debug_soft__obfuscated.elf)
 .text          0x000000000000b078       0xd8 /home/johangarrido/ncs/nrfxlib/softdevice_controller/lib/cortex-m4/soft-float/libsoftdevice_controller_s132.a(libsoftdevice_controller_s132_debug_soft__obfuscated.elf)
 .text          0x000000000000b150       0x90 /home/johangarrido/ncs/nrfxlib/softdevice_controller/lib/cortex-m4/soft-float/libsoftdevice_controller_s132.a(libsoftdevice_controller_s132_debug_soft__obfuscated.elf)
 .text          0x000000000000b1e0       0x34 /home/johangarrido/ncs/nrfxlib/softdevice_controller/lib/cortex-m4/soft-float/libsoftdevice_controller_s132.a(libsoftdevice_controller_s132_debug_soft__obfuscated.elf)
 .text          0x000000000000b214       0x30 /home/johangarrido/ncs/nrfxlib/softdevice_controller/lib/cortex-m4/soft-float/libsoftdevice_controller_s132.a(libsoftdevice_controller_s132_debug_soft__obfuscated.elf)
 .text          0x000000000000b244       0x50 /home/johangarrido/ncs/nrfxlib/softdevice_controller/lib/cortex-m4/soft-float/libsoftdevice_controller_s132.a(libsoftdevice_controller_s132_debug_soft__obfuscated.elf)
 .text          0x000000000000b294       0x20 /home/johangarrido/ncs/nrfxlib/softdevice_controller/lib/cortex-m4/soft-float/libsoftdevice_controller_s132.a(libsoftdevice_controller_s132_debug_soft__obfuscated.elf)
 .text          0x000000000000b2b4       0xe0 /home/johangarrido/ncs/nrfxlib/softdevice_controller/lib/cortex-m4/soft-float/libsoftdevice_controller_s132.a(libsoftdevice_controller_s132_debug_soft__obfuscated.elf)
 .text          0x000000000000b394      0x214 /home/johangarrido/ncs/nrfxlib/softdevice_controller/lib/cortex-m4/soft-float/libsoftdevice_controller_s132.a(libsoftdevice_controller_s132_debug_soft__obfuscated.elf)
 .text          0x000000000000b5a8       0x68 /home/johangarrido/ncs/nrfxlib/softdevice_controller/lib/cortex-m4/soft-float/libsoftdevice_controller_s132.a(libsoftdevice_controller_s132_debug_soft__obfuscated.elf)
 .text          0x000000000000b610       0x50 /home/johangarrido/ncs/nrfxlib/softdevice_controller/lib/cortex-m4/soft-float/libsoftdevice_controller_s132.a(libsoftdevice_controller_s132_debug_soft__obfuscated.elf)
 .text          0x000000000000b660       0x3c /home/johangarrido/ncs/nrfxlib/softdevice_controller/lib/cortex-m4/soft-float/libsoftdevice_controller_s132.a(libsoftdevice_controller_s132_debug_soft__obfuscated.elf)
 .text          0x000000000000b69c       0x38 /home/johangarrido/ncs/nrfxlib/softdevice_controller/lib/cortex-m4/soft-float/libsoftdevice_controller_s132.a(libsoftdevice_controller_s132_debug_soft__obfuscated.elf)
 .text          0x000000000000b6d4      0x138 /home/johangarrido/ncs/nrfxlib/softdevice_controller/lib/cortex-m4/soft-float/libsoftdevice_controller_s132.a(libsoftdevice_controller_s132_debug_soft__obfuscated.elf)
 .text          0x000000000000b80c       0xd4 /home/johangarrido/ncs/nrfxlib/softdevice_controller/lib/cortex-m4/soft-float/libsoftdevice_controller_s132.a(libsoftdevice_controller_s132_debug_soft__obfuscated.elf)
 .text          0x000000000000b8e0       0x2c /home/johangarrido/ncs/nrfxlib/softdevice_controller/lib/cortex-m4/soft-float/libsoftdevice_controller_s132.a(libsoftdevice_controller_s132_debug_soft__obfuscated.elf)
 .text          0x000000000000b90c       0x44 /home/johangarrido/ncs/nrfxlib/softdevice_controller/lib/cortex-m4/soft-float/libsoftdevice_controller_s132.a(libsoftdevice_controller_s132_debug_soft__obfuscated.elf)
 .text          0x000000000000b950       0x30 /home/johangarrido/ncs/nrfxlib/softdevice_controller/lib/cortex-m4/soft-float/libsoftdevice_controller_s132.a(libsoftdevice_controller_s132_debug_soft__obfuscated.elf)
 .text          0x000000000000b980       0x44 /home/johangarrido/ncs/nrfxlib/softdevice_controller/lib/cortex-m4/soft-float/libsoftdevice_controller_s132.a(libsoftdevice_controller_s132_debug_soft__obfuscated.elf)
 .text          0x000000000000b9c4       0x30 /home/johangarrido/ncs/nrfxlib/softdevice_controller/lib/cortex-m4/soft-float/libsoftdevice_controller_s132.a(libsoftdevice_controller_s132_debug_soft__obfuscated.elf)
 .text          0x000000000000b9f4       0x34 /home/johangarrido/ncs/nrfxlib/softdevice_controller/lib/cortex-m4/soft-float/libsoftdevice_controller_s132.a(libsoftdevice_controller_s132_debug_soft__obfuscated.elf)
 .text          0x000000000000ba28       0x2c /home/johangarrido/ncs/nrfxlib/softdevice_controller/lib/cortex-m4/soft-float/libsoftdevice_controller_s132.a(libsoftdevice_controller_s132_debug_soft__obfuscated.elf)
 .text          0x000000000000ba54       0x30 /home/johangarrido/ncs/nrfxlib/softdevice_controller/lib/cortex-m4/soft-float/libsoftdevice_controller_s132.a(libsoftdevice_controller_s132_debug_soft__obfuscated.elf)
 .text          0x000000000000ba84       0x28 /home/johangarrido/ncs/nrfxlib/softdevice_controller/lib/cortex-m4/soft-float/libsoftdevice_controller_s132.a(libsoftdevice_controller_s132_debug_soft__obfuscated.elf)
 .text          0x000000000000baac       0x24 /home/johangarrido/ncs/nrfxlib/softdevice_controller/lib/cortex-m4/soft-float/libsoftdevice_controller_s132.a(libsoftdevice_controller_s132_debug_soft__obfuscated.elf)
 .text          0x000000000000bad0       0x24 /home/johangarrido/ncs/nrfxlib/softdevice_controller/lib/cortex-m4/soft-float/libsoftdevice_controller_s132.a(libsoftdevice_controller_s132_debug_soft__obfuscated.elf)